Microchip MPLAB XC8 Compiler V2.41

Linker command line:

-W3 \
  --edf=C:\Program Files\Microchip\xc8\v2.41\pic\dat\20230208172133_en.msgs \
  -cn -h+dist/default/debug\modbus_proj.X.debug.sym \
  --cmf=dist/default/debug\modbus_proj.X.debug.cmf -z -Q18F97J60 \
  -oC:\Users\sylva\AppData\Local\Temp\xcBsfok.1\driver_tmp_3.o \
  --defsym=__MPLAB_BUILD=1 --fixupoverflow=error \
  -Mdist/default/debug/modbus_proj.X.debug.map \
  --md=C:\Users\sylva\AppData\Local\Temp\xcBsfok.1\driver_tmp_0.dat -E1 \
  -ver=XC8 Compiler --acfsm=1493 -ACODE=00h-01FFF7h -ACONST=00h-01FFF7h \
  -ASMALLCONST=01000h-010FFhx495,01FF00h-01FFF7h \
  -AMEDIUMCONST=01000h-0FFFFh,011000h-01FFF7h -ACOMRAM=01h-05Fh \
  -AABS1=00h-0E7Fh,0F00h-0F5Fh -ABIGRAM=01h-0E7Fh,0F00h-0F5Fh \
  -ARAM=060h-0FFh,0100h-01FFhx13,0E00h-0E7Fh,0F00h-0F5Fh -ABANK0=060h-0FFh \
  -ABANK1=0100h-01FFh -ABANK2=0200h-02FFh -ABANK3=0300h-03FFh \
  -ABANK4=0400h-04FFh -ABANK5=0500h-05FFh -ABANK6=0600h-06FFh \
  -ABANK7=0700h-07FFh -ABANK8=0800h-08FFh -ABANK9=0900h-09FFh \
  -ABANK10=0A00h-0AFFh -ABANK11=0B00h-0BFFh -ABANK12=0C00h-0CFFh \
  -ABANK13=0D00h-0DFFh -ABANK14=0E00h-0E7Fh -ABANK15=0F00h-0F5Fh \
  -ASFR=0E80h-0EFFh,0F60h-0FFCh -ABIGSFR=0E80h-0EFFh,0F60h-0FFCh \
  -ACONFIG=01FFF8h-01FFFDh \
  -preset_vec=00h,intcode=08h,intcodelo,powerup,init -pramtop=01000h \
  -psmallconst=SMALLCONST -pmediumconst=MEDIUMCONST -pconst=CONST \
  -AFARRAM=00h-00h -pjflash_buffer=01F800h \
  -prdata=COMRAM,nvrram=COMRAM,nvbit=COMRAM,rbss=COMRAM,rbit=COMRAM \
  -pfarbss=FARRAM,fardata=FARRAM,nvFARRAM=FARRAM \
  -pintsave_regs=BIGRAM,bigbss=BIGRAM,bigdata=BIGRAM -pbss=RAM \
  -pidata=CODE,irdata=CODE,ibigdata=CODE,ifardata=CODE -prparam=COMRAM \
  C:\Users\sylva\AppData\Local\Temp\xcBsfok.1\driver_tmp_14.o \
  dist/default/debug\modbus_proj.X.debug.o 

Object code version is 3.11

Machine type is 18F97J60



                Name                               Link     Load   Length Selector   Space Scale
C:\Users\sylva\AppData\Local\Temp\xcBsfok.1\driver_tmp_14.o
                config                            1FFF8    1FFF8        6        0       4
                init                                118      118        4        4       0
                reset_vec                             0        0        6        0       0
dist/default/debug\modbus_proj.X.debug.o
                intcode                               8        8      110        4       0
                config                            1FFF8    1FFF8        6        0       4
                temp                                 4A       4A        1        1       1
                mediumconst                        FDE4     FDE4      21C     7EF2       0
                text54                            11470    11470       2A     8000       0
                text53                            115B2    115B2        6     8000       0
                text52                            115C0    115C0        2     8000       0
                text51                            115AC    115AC        6     8000       0
                text50                            10AB8    10AB8       C0     8000       0
                text49                            1134E    1134E       40     8000       0
                text48                            115BE    115BE        2     8000       0
                text47                            11404    11404       3A     8000       0
                text46                            115A2    115A2        A     8000       0
                text45                            114E4    114E4       18     8000       0
                text44                            10ECC    10ECC       7E     8000       0
                text43                            10000    10000      230     8000       0
                text42                            1106E    1106E       56     8000       0
                text41                            111B2    111B2       4A     8000       0
                text40                            1158A    1158A        E     8000       0
                text38                            1143E    1143E       32     8000       0
                text37                            10FB6    10FB6       62     8000       0
                text36                            110C4    110C4       54     8000       0
                text35                            1138E    1138E       3C     8000       0
                text34                            11244    11244       48     8000       0
                text33                            11512    11512       16     8000       0
                text32                            114FC    114FC       16     8000       0
                text31                            1157C    1157C        E     8000       0
                text30                            1156E    1156E        E     8000       0
                text29                            11560    11560        E     8000       0
                text28                            11552    11552        E     8000       0
                text27                            11544    11544        E     8000       0
                text26                            10E3A    10E3A       92     8000       0
                text25                            115B8    115B8        4     8000       0
                text24                            11598    11598        A     8000       0
                text23                            1130E    1130E       40     8000       0
                text22                            11536    11536        E     8000       0
                text21                            113CA    113CA       3A     8000       0
                text20                            11528    11528        E     8000       0
                text19                            114C2    114C2       22     8000       0
                text18                            112CE    112CE       40     8000       0
                text17                            10D94    10D94       A6     8000       0
                text16                            10F4A    10F4A       6C     8000       0
                text15                            105E2    105E2      1A8     8000       0
                text14                            10B78    10B78       BA     8000       0
                text13                            109F2    109F2       C6     8000       0
                text12                            10C32    10C32       B2     8000       0
                text11                            1128C    1128C       42     8000       0
                text10                            115BC    115BC        2     8000       0
                text9                             1085C    1085C       CC     8000       0
                text8                             111FC    111FC       48     8000       0
                text7                             10CE4    10CE4       B0     8000       0
                text6                             10412    10412      1D0     8000       0
                text5                             1149A    1149A       28     8000       0
                text4                             1078A    1078A       D2     8000       0
                text3                             10230    10230      1E2     8000       0
                text2                             11018    11018       56     8000       0
                text1                             11118    11118       50     8000       0
                text0                             10928    10928       CA     8000       0
                cstackCOMRAM                          1        1       24        1       1
                cstackBANK0                          60       60       55       60       1
                cstackBANK3                         300      300       14      300       1
                bssBANK2                            200      200      100      200       1
                bssBANK1                            100      100      100      100       1
                bssBANK0                             B5       B5       37       60       1
                bssCOMRAM                            25       25       1F        1       1
                cinit                             11168    11168       4A     8000       0
                nvBANK0                              EC       EC        C       60       1
                nvCOMRAM                             44       44        6        1       1

TOTAL           Name                               Link     Load   Length     Space
        CLASS   CODE           
                intcode                               8        8      110         0
                init                                118      118        4         0
                reset_vec                             0        0        6         0
                text54                            11470    11470       2A         0
                text53                            115B2    115B2        6         0
                text52                            115C0    115C0        2         0
                text51                            115AC    115AC        6         0
                text50                            10AB8    10AB8       C0         0
                text49                            1134E    1134E       40         0
                text48                            115BE    115BE        2         0
                text47                            11404    11404       3A         0
                text46                            115A2    115A2        A         0
                text45                            114E4    114E4       18         0
                text44                            10ECC    10ECC       7E         0
                text43                            10000    10000      230         0
                text42                            1106E    1106E       56         0
                text41                            111B2    111B2       4A         0
                text40                            1158A    1158A        E         0
                text38                            1143E    1143E       32         0
                text37                            10FB6    10FB6       62         0
                text36                            110C4    110C4       54         0
                text35                            1138E    1138E       3C         0
                text34                            11244    11244       48         0
                text33                            11512    11512       16         0
                text32                            114FC    114FC       16         0
                text31                            1157C    1157C        E         0
                text30                            1156E    1156E        E         0
                text29                            11560    11560        E         0
                text28                            11552    11552        E         0
                text27                            11544    11544        E         0
                text26                            10E3A    10E3A       92         0
                text25                            115B8    115B8        4         0
                text24                            11598    11598        A         0
                text23                            1130E    1130E       40         0
                text22                            11536    11536        E         0
                text21                            113CA    113CA       3A         0
                text20                            11528    11528        E         0
                text19                            114C2    114C2       22         0
                text18                            112CE    112CE       40         0
                text17                            10D94    10D94       A6         0
                text16                            10F4A    10F4A       6C         0
                text15                            105E2    105E2      1A8         0
                text14                            10B78    10B78       BA         0
                text13                            109F2    109F2       C6         0
                text12                            10C32    10C32       B2         0
                text11                            1128C    1128C       42         0
                text10                            115BC    115BC        2         0
                text9                             1085C    1085C       CC         0
                text8                             111FC    111FC       48         0
                text7                             10CE4    10CE4       B0         0
                text6                             10412    10412      1D0         0
                text5                             1149A    1149A       28         0
                text4                             1078A    1078A       D2         0
                text3                             10230    10230      1E2         0
                text2                             11018    11018       56         0
                text1                             11118    11118       50         0
                text0                             10928    10928       CA         0
                cinit                             11168    11168       4A         0

        CLASS   CONST          

        CLASS   SMALLCONST     

        CLASS   MEDIUMCONST    
                mediumconst                        FDE4     FDE4      21C         0

        CLASS   COMRAM         
                temp                                 4A       4A        1         1
                cstackCOMRAM                          1        1       24         1
                bssCOMRAM                            25       25       1F         1
                nvCOMRAM                             44       44        6         1

        CLASS   ABS1           

        CLASS   BIGRAM         

        CLASS   RAM            

        CLASS   BANK0          
                cstackBANK0                          60       60       55         1
                bssBANK0                             B5       B5       37         1
                nvBANK0                              EC       EC        C         1

        CLASS   BANK1          
                bssBANK1                            100      100      100         1

        CLASS   BANK2          
                bssBANK2                            200      200      100         1

        CLASS   BANK3          
                cstackBANK3                         300      300       14         1

        CLASS   BANK4          

        CLASS   BANK5          

        CLASS   BANK6          

        CLASS   BANK7          

        CLASS   BANK8          

        CLASS   BANK9          

        CLASS   BANK10         

        CLASS   BANK11         

        CLASS   BANK12         

        CLASS   BANK13         

        CLASS   BANK14         

        CLASS   BANK15         

        CLASS   SFR            

        CLASS   BIGSFR         

        CLASS   CONFIG         
                config                            1FFF8    1FFF8        6         4

        CLASS   FARRAM         

        CLASS   HEAP           

        CLASS   STACK          

        CLASS   IDLOC          



SEGMENTS        Name                           Load    Length   Top    Selector   Space  Class

                reset_vec                      000000  000006  000006         0       0  CODE    
                cstackCOMRAM                   000001  00004A  00004B         1       1  COMRAM  
                intcode                        000008  000114  00011C         4       0  CODE    
                cstackBANK0                    000060  000098  0000F8        60       1  BANK0   
                bssBANK1                       000100  000100  000200       100       1  BANK1   
                bssBANK2                       000200  000100  000300       200       1  BANK2   
                cstackBANK3                    000300  000014  000314       300       1  BANK3   
                mediumconst                    00FDE4  00021C  010000      7EF2       0  MEDIUMCO
                text43                         010000  0015C2  0115C2      8000       0  CODE    


UNUSED ADDRESS RANGES

        Name                Unused          Largest block    Delta
        BANK0            000F8-000FF               8
        BANK10           00A00-00AFF             100
        BANK11           00B00-00BFF             100
        BANK12           00C00-00CFF             100
        BANK13           00D00-00DFF             100
        BANK14           00E00-00E7F              80
        BANK15           00F00-00F5F              60
        BANK3            00314-003FF              EC
        BANK4            00400-004FF             100
        BANK5            00500-005FF             100
        BANK6            00600-006FF             100
        BANK7            00700-007FF             100
        BANK8            00800-008FF             100
        BANK9            00900-009FF             100
        BIGRAM           0004B-0005F              15
                         000F8-000FF               8
                         00314-00E7F             B6C
                         00F00-00F5F              60
        BIGSFR           00E80-00EFF              80
                         00F60-00FFC              9D
        CODE             00006-00007               2
                         0011C-0FDE3            FCC8
                         115C2-1FFF7            EA36
        COMRAM           0004B-0005F              15
        CONST            00006-00007               2
                         0011C-0FDE3            FCC8
                         115C2-1FFF7            EA36
        MEDIUMCONST      01000-0FDE3            EDE4
                         115C2-1FFF7            EA36
        RAM              000F8-000FF               8
                         00314-00E7F             100
                         00F00-00F5F              60
        SFR              00E80-00EFF              80
                         00F60-00FFC              9D
        SMALLCONST       01000-0FDE3             100
                         115C2-1FFF7             100

                                  Symbol Table

?_ADC_GetConversion                             cstackBANK0   00060
?_CRC16                                         cstackCOMRAM  00001
?___awdiv                                       cstackBANK0   00060
?___awmod                                       cstackBANK0   00060
?___lldiv                                       cstackBANK0   0006C
?___lmul                                        cstackBANK0   00060
?___wmul                                        cstackBANK0   00060
?_abs                                           cstackBANK0   00066
?_measure_current                               cstackBANK0   00079
?_measure_voltage                               cstackBANK0   00079
?_read_prec_or_width                            cstackBANK0   00066
?_sprintf                                       cstackBANK0   000A0
?_vfprintf                                      cstackBANK0   00098
ADC_GetConversion@channel                       cstackBANK0   00064
CRC16@length                                    cstackCOMRAM  00003
CRC16@msg                                       cstackCOMRAM  00001
CRC16@uIndex                                    cstackCOMRAM  00007
CRC16@uchCRCHi                                  cstackCOMRAM  00008
CRC16@uchCRCLo                                  cstackCOMRAM  00009
EPWM1_LoadDutyValue@dutyValue                   cstackBANK0   00060
EUSART1_SetErrorHandler@interruptHandler        cstackBANK0   00060
EUSART1_SetFramingErrorHandler@interruptHandler cstackBANK0   00060
EUSART1_SetOverrunErrorHandler@interruptHandler cstackBANK0   00060
EUSART1_SetRxInterruptHandler@interruptHandler  cstackBANK0   00060
EUSART1_SetTxInterruptHandler@interruptHandler  cstackBANK0   00060
EUSART1_Write@txData                            cstackCOMRAM  00001
LCD_2x16_WriteCmd@command                       cstackBANK0   00061
LCD_2x16_WriteData@command                      cstackBANK0   00061
LCD_2x16_WriteMsg@line                          cstackBANK0   00064
LCD_2x16_WriteMsg@msg                           cstackBANK0   00062
TMR0_SetInterruptHandler@InterruptHandler       cstackBANK0   00060
_ADCON0                                         (abs)         00FC2
_ADCON0bits                                     (abs)         00FC2
_ADCON1                                         (abs)         00FC1
_ADCON1bits                                     (abs)         00FC1
_ADCON2                                         (abs)         00FC0
_ADC_GetConversion                              text18        112CE
_ADC_Initialize                                 text33        11512
_ADC_InterruptHandler                           bssCOMRAM     00035
_ADRESH                                         (abs)         00FC4
_ADRESL                                         (abs)         00FC3
_BAUDCON1                                       (abs)         00F7E
_CCP1CON                                        (abs)         00FBD
_CCPR1H                                         (abs)         00FBF
_CCPR1L                                         (abs)         00FBE
_CRC16                                          text44        10ECC
_ECCP1AS                                        (abs)         00FB6
_ECCP1DEL                                       (abs)         00F79
_EPWM1_Initialize                               text32        114FC
_EPWM1_LoadDutyValue                            text38        1143E
_EUSART1_DefaultErrorHandler                    text53        115B2
_EUSART1_DefaultFramingErrorHandler             text52        115C0
_EUSART1_DefaultOverrunErrorHandler             text51        115AC
_EUSART1_ErrorHandler                           nvBANK0       000EC
_EUSART1_FramingErrorHandler                    nvBANK0       000F2
_EUSART1_Initialize                             text26        10E3A
_EUSART1_OverrunErrorHandler                    nvBANK0       000EF
_EUSART1_Receive_ISR                            text50        10AB8
_EUSART1_RxDataHandler                          text54        11470
_EUSART1_RxDefaultInterruptHandler              nvBANK0       000F5
_EUSART1_SetErrorHandler                        text31        1157C
_EUSART1_SetFramingErrorHandler                 text30        1156E
_EUSART1_SetOverrunErrorHandler                 text29        11560
_EUSART1_SetRxInterruptHandler                  text28        11552
_EUSART1_SetTxInterruptHandler                  text27        11544
_EUSART1_Transmit_ISR                           text49        1134E
_EUSART1_TxDefaultInterruptHandler              nvCOMRAM      00047
_EUSART1_Write                                  text42        1106E
_INTCONbits                                     (abs)         00FF2
_INTERRUPT_Initialize                           text25        115B8
_INTERRUPT_InterruptManager                     intcode       00008
_LATA                                           (abs)         00F89
_LATB                                           (abs)         00F8A
_LATC                                           (abs)         00F8B
_LATD                                           (abs)         00F8C
_LATDbits                                       (abs)         00F8C
_LATE                                           (abs)         00F8D
_LATF                                           (abs)         00F8E
_LATG                                           (abs)         00F8F
_LATH                                           (abs)         00F90
_LATJ                                           (abs)         00F91
_LCD_2x16_WriteCmd                              text37        10FB6
_LCD_2x16_WriteData                             text36        110C4
_LCD_2x16_WriteMsg                              text35        1138E
_Lcd_Init                                       text34        11244
_OSCCON                                         (abs)         00FD3
_OSCILLATOR_Initialize                          text24        11598
_OSCTUNE                                        (abs)         00F9B
_PIE1bits                                       (abs)         00F9D
_PIN_MANAGER_Initialize                         text23        1130E
_PIR1bits                                       (abs)         00F9E
_PR2                                            (abs)         00FCB
_RCONbits                                       (abs)         00FD0
_RCREG1                                         (abs)         00FAE
_RCSTA1                                         (abs)         00FAB
_RCSTA1bits                                     (abs)         00FAB
_SPBRG1                                         (abs)         00FAF
_SPBRGH1                                        (abs)         00F7F
_SYSTEM_Initialize                              text19        114C2
_T0CON                                          (abs)         00FD5
_T0CONbits                                      (abs)         00FD5
_T2CON                                          (abs)         00FCA
_T2CONbits                                      (abs)         00FCA
_TMR0H                                          (abs)         00FD7
_TMR0L                                          (abs)         00FD6
_TMR0ON                                         (abs)         07EAF
_TMR0_DefaultInterruptHandler                   text48        115BE
_TMR0_ISR                                       text47        11404
_TMR0_Initialize                                text21        113CA
_TMR0_InterruptHandler                          nvCOMRAM      00044
_TMR0_Reload                                    text46        115A2
_TMR0_SetInterruptHandler                       text22        11536
_TMR2                                           (abs)         00FCC
_TMR2_Initialize                                text20        11528
_TRISA                                          (abs)         00F92
_TRISB                                          (abs)         00F93
_TRISC                                          (abs)         00F94
_TRISD                                          (abs)         00F95
_TRISDbits                                      (abs)         00F95
_TRISE                                          (abs)         00F96
_TRISF                                          (abs)         00F97
_TRISG                                          (abs)         00F98
_TRISH                                          (abs)         00F99
_TRISJ                                          (abs)         00F9A
_TXREG1                                         (abs)         00FAD
_TXSTA1                                         (abs)         00FAC
_TXSTA1bits                                     (abs)         00FAC
__HRAM                                          (abs)         00000
__H__absolute__                                 __absolute__  00000
__Habs1                                         abs1          00000
__Hbank0                                        bank0         00000
__Hbank1                                        bank1         00000
__Hbank10                                       bank10        00000
__Hbank11                                       bank11        00000
__Hbank12                                       bank12        00000
__Hbank13                                       bank13        00000
__Hbank14                                       bank14        00000
__Hbank15                                       bank15        00000
__Hbank2                                        bank2         00000
__Hbank3                                        bank3         00000
__Hbank4                                        bank4         00000
__Hbank5                                        bank5         00000
__Hbank6                                        bank6         00000
__Hbank7                                        bank7         00000
__Hbank8                                        bank8         00000
__Hbank9                                        bank9         00000
__Hbigbss                                       bigbss        00000
__Hbigdata                                      bigdata       00000
__Hbigram                                       bigram        00000
__Hbigsfr                                       bigsfr        00000
__Hbss                                          bss           00000
__HbssBANK0                                     bssBANK0      00000
__HbssBANK1                                     bssBANK1      00000
__HbssBANK2                                     bssBANK2      00000
__HbssCOMRAM                                    bssCOMRAM     00000
__Hcinit                                        cinit         00000
__Hclrtext                                      clrtext       00000
__Hcomram                                       comram        00000
__Hconfig                                       config        1FFFE
__Hconst                                        const         00000
__HcstackBANK0                                  cstackBANK0   00000
__HcstackBANK3                                  cstackBANK3   00000
__HcstackCOMRAM                                 cstackCOMRAM  00000
__Hdata                                         data          00000
__Hfarbss                                       farbss        00000
__Hfardata                                      fardata       00000
__Hheap                                         heap          00000
__Hibigdata                                     ibigdata      00000
__Hidata                                        idata         00000
__Hidloc                                        idloc         00000
__Hifardata                                     ifardata      00000
__Hinit                                         init          0011C
__Hintcode                                      intcode       00118
__Hintcode_body                                 intcode_body  00000
__Hintcodelo                                    intcodelo     00118
__Hintentry                                     intentry      00000
__Hintret                                       intret        00000
__Hintsave_regs                                 intsave_regs  00000
__Hirdata                                       irdata        00000
__Hjflash_buffer                                jflash_buffer 1F800
__Hmediumconst                                  mediumconst   10000
__HnvBANK0                                      nvBANK0       00000
__HnvCOMRAM                                     nvCOMRAM      00000
__HnvFARRAM                                     nvFARRAM      00000
__Hnvbit                                        nvbit         00000
__Hnvrram                                       nvrram        00000
__Hparam                                        rparam        00000
__Hpowerup                                      powerup       00118
__Hram                                          ram           00000
__Hramtop                                       ramtop        01000
__Hrbit                                         rbit          00000
__Hrbss                                         rbss          00000
__Hrdata                                        rdata         00000
__Hreset_vec                                    reset_vec     00006
__Hrparam                                       rparam        00000
__Hsfr                                          sfr           00000
__Hsmallconst                                   smallconst    00000
__Hspace_0                                      (abs)         1F800
__Hspace_1                                      (abs)         00314
__Hspace_2                                      (abs)         00000
__Hspace_4                                      (abs)         3FFF6
__Hstack                                        stack         00000
__Hstruct                                       struct        00000
__Htemp                                         temp          0004B
__Htext                                         text          00000
__Htext0                                        text0         00000
__Htext1                                        text1         00000
__Htext10                                       text10        00000
__Htext11                                       text11        00000
__Htext12                                       text12        00000
__Htext13                                       text13        00000
__Htext14                                       text14        00000
__Htext15                                       text15        00000
__Htext16                                       text16        00000
__Htext17                                       text17        00000
__Htext18                                       text18        00000
__Htext19                                       text19        00000
__Htext2                                        text2         00000
__Htext20                                       text20        00000
__Htext21                                       text21        00000
__Htext22                                       text22        00000
__Htext23                                       text23        00000
__Htext24                                       text24        00000
__Htext25                                       text25        00000
__Htext26                                       text26        00000
__Htext27                                       text27        00000
__Htext28                                       text28        00000
__Htext29                                       text29        00000
__Htext3                                        text3         00000
__Htext30                                       text30        00000
__Htext31                                       text31        00000
__Htext32                                       text32        00000
__Htext33                                       text33        00000
__Htext34                                       text34        00000
__Htext35                                       text35        00000
__Htext36                                       text36        00000
__Htext37                                       text37        00000
__Htext38                                       text38        00000
__Htext4                                        text4         00000
__Htext40                                       text40        00000
__Htext41                                       text41        00000
__Htext42                                       text42        00000
__Htext43                                       text43        00000
__Htext44                                       text44        00000
__Htext45                                       text45        00000
__Htext46                                       text46        00000
__Htext47                                       text47        00000
__Htext48                                       text48        00000
__Htext49                                       text49        00000
__Htext5                                        text5         00000
__Htext50                                       text50        00000
__Htext51                                       text51        00000
__Htext52                                       text52        00000
__Htext53                                       text53        00000
__Htext54                                       text54        00000
__Htext55                                       text55        00000
__Htext6                                        text6         00000
__Htext7                                        text7         00000
__Htext8                                        text8         00000
__Htext9                                        text9         00000
__LRAM                                          (abs)         00001
__L__absolute__                                 __absolute__  00000
__Labs1                                         abs1          00000
__Lbank0                                        bank0         00000
__Lbank1                                        bank1         00000
__Lbank10                                       bank10        00000
__Lbank11                                       bank11        00000
__Lbank12                                       bank12        00000
__Lbank13                                       bank13        00000
__Lbank14                                       bank14        00000
__Lbank15                                       bank15        00000
__Lbank2                                        bank2         00000
__Lbank3                                        bank3         00000
__Lbank4                                        bank4         00000
__Lbank5                                        bank5         00000
__Lbank6                                        bank6         00000
__Lbank7                                        bank7         00000
__Lbank8                                        bank8         00000
__Lbank9                                        bank9         00000
__Lbigbss                                       bigbss        00000
__Lbigdata                                      bigdata       00000
__Lbigram                                       bigram        00000
__Lbigsfr                                       bigsfr        00000
__Lbss                                          bss           00000
__LbssBANK0                                     bssBANK0      00000
__LbssBANK1                                     bssBANK1      00000
__LbssBANK2                                     bssBANK2      00000
__LbssCOMRAM                                    bssCOMRAM     00000
__Lcinit                                        cinit         00000
__Lclrtext                                      clrtext       00000
__Lcomram                                       comram        00000
__Lconfig                                       config        00000
__Lconst                                        const         00000
__LcstackBANK0                                  cstackBANK0   00000
__LcstackBANK3                                  cstackBANK3   00000
__LcstackCOMRAM                                 cstackCOMRAM  00000
__Ldata                                         data          00000
__Lfarbss                                       farbss        00000
__Lfardata                                      fardata       00000
__Lheap                                         heap          00000
__Libigdata                                     ibigdata      00000
__Lidata                                        idata         00000
__Lidloc                                        idloc         00000
__Lifardata                                     ifardata      00000
__Linit                                         init          00118
__Lintcode                                      intcode       00008
__Lintcode_body                                 intcode_body  00000
__Lintcodelo                                    intcodelo     00118
__Lintentry                                     intentry      00000
__Lintret                                       intret        00000
__Lintsave_regs                                 intsave_regs  00000
__Lirdata                                       irdata        00000
__Ljflash_buffer                                jflash_buffer 1F800
__Lmediumconst                                  mediumconst   0FDE4
__LnvBANK0                                      nvBANK0       00000
__LnvCOMRAM                                     nvCOMRAM      00000
__LnvFARRAM                                     nvFARRAM      00000
__Lnvbit                                        nvbit         00000
__Lnvrram                                       nvrram        00000
__Lparam                                        rparam        00000
__Lpowerup                                      powerup       00118
__Lram                                          ram           00000
__Lramtop                                       ramtop        01000
__Lrbit                                         rbit          00000
__Lrbss                                         rbss          00000
__Lrdata                                        rdata         00000
__Lreset_vec                                    reset_vec     00000
__Lrparam                                       rparam        00000
__Lsfr                                          sfr           00000
__Lsmallconst                                   smallconst    00000
__Lspace_0                                      (abs)         00000
__Lspace_1                                      (abs)         00000
__Lspace_2                                      (abs)         00000
__Lspace_4                                      (abs)         00000
__Lstack                                        stack         00000
__Lstruct                                       struct        00000
__Ltemp                                         temp          0004A
__Ltext                                         text          00000
__Ltext0                                        text0         00000
__Ltext1                                        text1         00000
__Ltext10                                       text10        00000
__Ltext11                                       text11        00000
__Ltext12                                       text12        00000
__Ltext13                                       text13        00000
__Ltext14                                       text14        00000
__Ltext15                                       text15        00000
__Ltext16                                       text16        00000
__Ltext17                                       text17        00000
__Ltext18                                       text18        00000
__Ltext19                                       text19        00000
__Ltext2                                        text2         00000
__Ltext20                                       text20        00000
__Ltext21                                       text21        00000
__Ltext22                                       text22        00000
__Ltext23                                       text23        00000
__Ltext24                                       text24        00000
__Ltext25                                       text25        00000
__Ltext26                                       text26        00000
__Ltext27                                       text27        00000
__Ltext28                                       text28        00000
__Ltext29                                       text29        00000
__Ltext3                                        text3         00000
__Ltext30                                       text30        00000
__Ltext31                                       text31        00000
__Ltext32                                       text32        00000
__Ltext33                                       text33        00000
__Ltext34                                       text34        00000
__Ltext35                                       text35        00000
__Ltext36                                       text36        00000
__Ltext37                                       text37        00000
__Ltext38                                       text38        00000
__Ltext4                                        text4         00000
__Ltext40                                       text40        00000
__Ltext41                                       text41        00000
__Ltext42                                       text42        00000
__Ltext43                                       text43        00000
__Ltext44                                       text44        00000
__Ltext45                                       text45        00000
__Ltext46                                       text46        00000
__Ltext47                                       text47        00000
__Ltext48                                       text48        00000
__Ltext49                                       text49        00000
__Ltext5                                        text5         00000
__Ltext50                                       text50        00000
__Ltext51                                       text51        00000
__Ltext52                                       text52        00000
__Ltext53                                       text53        00000
__Ltext54                                       text54        00000
__Ltext55                                       text55        00000
__Ltext6                                        text6         00000
__Ltext7                                        text7         00000
__Ltext8                                        text8         00000
__Ltext9                                        text9         00000
__S0                                            (abs)         115C2
__S1                                            (abs)         00314
__S4                                            (abs)         00000
___awdiv                                        text13        109F2
___awdiv@counter                                cstackBANK0   00064
___awdiv@dividend                               cstackBANK0   00060
___awdiv@divisor                                cstackBANK0   00062
___awdiv@quotient                               cstackBANK0   00066
___awdiv@sign                                   cstackBANK0   00065
___awmod                                        text12        10C32
___awmod@counter                                cstackBANK0   00064
___awmod@dividend                               cstackBANK0   00060
___awmod@divisor                                cstackBANK0   00062
___awmod@sign                                   cstackBANK0   00065
___extmem_base                                  (abs)         20000
___heap_hi                                      (abs)         00000
___heap_lo                                      (abs)         00000
___inthi_sp                                     stack         00000
___intlo_sp                                     stack         00000
___lldiv                                        text17        10D94
___lldiv@counter                                cstackBANK0   00078
___lldiv@dividend                               cstackBANK0   0006C
___lldiv@divisor                                cstackBANK0   00070
___lldiv@quotient                               cstackBANK0   00074
___lmul                                         text16        10F4A
___lmul@multiplicand                            cstackBANK0   00064
___lmul@multiplier                              cstackBANK0   00060
___lmul@product                                 cstackBANK0   00068
___param_bank                                   (abs)         00000
___rparam_used                                  (abs)         00001
___sp                                           stack         00000
___wmul                                         text5         1149A
___wmul@multiplicand                            cstackBANK0   00062
___wmul@multiplier                              cstackBANK0   00060
___wmul@product                                 cstackBANK0   00064
__accesstop                                     (abs)         00060
__activetblptr                                  (abs)         00003
__end_of_ADC_GetConversion                      text18        1130E
__end_of_ADC_Initialize                         text33        11528
__end_of_CRC16                                  text44        10F4A
__end_of_EPWM1_Initialize                       text32        11512
__end_of_EPWM1_LoadDutyValue                    text38        11470
__end_of_EUSART1_DefaultErrorHandler            text53        115B8
__end_of_EUSART1_DefaultFramingErrorHandler     text52        115C2
__end_of_EUSART1_DefaultOverrunErrorHandler     text51        115B2
__end_of_EUSART1_Initialize                     text26        10ECC
__end_of_EUSART1_Receive_ISR                    text50        10B78
__end_of_EUSART1_RxDataHandler                  text54        1149A
__end_of_EUSART1_SetErrorHandler                text31        1158A
__end_of_EUSART1_SetFramingErrorHandler         text30        1157C
__end_of_EUSART1_SetOverrunErrorHandler         text29        1156E
__end_of_EUSART1_SetRxInterruptHandler          text28        11560
__end_of_EUSART1_SetTxInterruptHandler          text27        11552
__end_of_EUSART1_Transmit_ISR                   text49        1138E
__end_of_EUSART1_Write                          text42        110C4
__end_of_INTERRUPT_Initialize                   text25        115BC
__end_of_INTERRUPT_InterruptManager             intcode       00118
__end_of_LCD_2x16_WriteCmd                      text37        11018
__end_of_LCD_2x16_WriteData                     text36        11118
__end_of_LCD_2x16_WriteMsg                      text35        113CA
__end_of_Lcd_Init                               text34        1128C
__end_of_OSCILLATOR_Initialize                  text24        115A2
__end_of_PIN_MANAGER_Initialize                 text23        1134E
__end_of_SYSTEM_Initialize                      text19        114E4
__end_of_TMR0_DefaultInterruptHandler           text48        115C0
__end_of_TMR0_ISR                               text47        1143E
__end_of_TMR0_Initialize                        text21        11404
__end_of_TMR0_Reload                            text46        115AC
__end_of_TMR0_SetInterruptHandler               text22        11544
__end_of_TMR2_Initialize                        text20        11536
__end_of___awdiv                                text13        10AB8
__end_of___awmod                                text12        10CE4
__end_of___lldiv                                text17        10E3A
__end_of___lmul                                 text16        10FB6
__end_of___wmul                                 text5         114C2
__end_of__initialization                        cinit         111A8
__end_of_abs                                    text11        112CE
__end_of_auchCRCHi                              mediumconst   0FFE5
__end_of_auchCRCLo                              mediumconst   0FEE5
__end_of_dtoa                                   text6         105E2
__end_of_fputc                                  text9         10928
__end_of_fputs                                  text8         11244
__end_of_main                                   text0         109F2
__end_of_measure_current                        text15        1078A
__end_of_measure_voltage                        text14        10C32
__end_of_modbus_analyse_and_answer              text43        10230
__end_of_modbus_char_recvd                      text45        114FC
__end_of_modbus_send                            text41        111FC
__end_of_modbus_timer                           text40        11598
__end_of_pad                                    text7         10D94
__end_of_putch                                  text10        115BE
__end_of_read_prec_or_width                     text4         1085C
__end_of_sprintf                                text1         11168
__end_of_vfpfcnvrt                              text3         10412
__end_of_vfprintf                               text2         1106E
__initialization                                cinit         11168
__mediumconst                                   mediumconst   0FDE4
__pbssBANK0                                     bssBANK0      000B5
__pbssBANK1                                     bssBANK1      00100
__pbssBANK2                                     bssBANK2      00200
__pbssCOMRAM                                    bssCOMRAM     00025
__pcinit                                        cinit         11168
__pcstackBANK0                                  cstackBANK0   00060
__pcstackBANK3                                  cstackBANK3   00300
__pcstackCOMRAM                                 cstackCOMRAM  00001
__pintcode                                      intcode       00008
__pmediumconst                                  mediumconst   0FDE4
__pnvBANK0                                      nvBANK0       000EC
__pnvCOMRAM                                     nvCOMRAM      00044
__ptext0                                        text0         10928
__ptext1                                        text1         11118
__ptext10                                       text10        115BC
__ptext11                                       text11        1128C
__ptext12                                       text12        10C32
__ptext13                                       text13        109F2
__ptext14                                       text14        10B78
__ptext15                                       text15        105E2
__ptext16                                       text16        10F4A
__ptext17                                       text17        10D94
__ptext18                                       text18        112CE
__ptext19                                       text19        114C2
__ptext2                                        text2         11018
__ptext20                                       text20        11528
__ptext21                                       text21        113CA
__ptext22                                       text22        11536
__ptext23                                       text23        1130E
__ptext24                                       text24        11598
__ptext25                                       text25        115B8
__ptext26                                       text26        10E3A
__ptext27                                       text27        11544
__ptext28                                       text28        11552
__ptext29                                       text29        11560
__ptext3                                        text3         10230
__ptext30                                       text30        1156E
__ptext31                                       text31        1157C
__ptext32                                       text32        114FC
__ptext33                                       text33        11512
__ptext34                                       text34        11244
__ptext35                                       text35        1138E
__ptext36                                       text36        110C4
__ptext37                                       text37        10FB6
__ptext38                                       text38        1143E
__ptext4                                        text4         1078A
__ptext40                                       text40        1158A
__ptext41                                       text41        111B2
__ptext42                                       text42        1106E
__ptext43                                       text43        10000
__ptext44                                       text44        10ECC
__ptext45                                       text45        114E4
__ptext46                                       text46        115A2
__ptext47                                       text47        11404
__ptext48                                       text48        115BE
__ptext49                                       text49        1134E
__ptext5                                        text5         1149A
__ptext50                                       text50        10AB8
__ptext51                                       text51        115AC
__ptext52                                       text52        115C0
__ptext53                                       text53        115B2
__ptext54                                       text54        11470
__ptext55                                       text55        00000
__ptext6                                        text6         10412
__ptext7                                        text7         10CE4
__ptext8                                        text8         111FC
__ptext9                                        text9         1085C
__ramtop                                        ramtop        01000
__smallconst                                    smallconst    00000
_abs                                            text11        1128C
_auchCRCHi                                      mediumconst   0FEE5
_auchCRCLo                                      mediumconst   0FDE5
_dbuf                                           bssBANK0      000CC
_dtoa                                           text6         10412
_dtoa$1718                                      cstackBANK0   0007F
_eusart1RxBuffer                                bssBANK0      000B5
_eusart1RxCount                                 bssCOMRAM     0003E
_eusart1RxHead                                  bssCOMRAM     00040
_eusart1RxLastError                             bssCOMRAM     0003D
_eusart1RxStatusBuffer                          bssCOMRAM     00025
_eusart1RxTail                                  bssCOMRAM     0003F
_eusart1TxBuffer                                bssCOMRAM     0002D
_eusart1TxBufferRemaining                       bssCOMRAM     00041
_eusart1TxHead                                  bssCOMRAM     00043
_eusart1TxTail                                  bssCOMRAM     00042
_flags                                          bssBANK0      000CB
_fputc                                          text9         1085C
_fputs                                          text8         111FC
_holding_registers                              bssBANK0      000C1
_index                                          bssCOMRAM     0003B
_input_registers                                bssBANK0      000BD
_main                                           text0         10928
_measure_current                                text15        105E2
_measure_voltage                                text14        10B78
_modbusAddress                                  bssCOMRAM     0003C
_modbus_analyse_and_answer                      text43        10000
_modbus_char_recvd                              text45        114E4
_modbus_send                                    text41        111B2
_modbus_timer                                   text40        1158A
_offset                                         bssBANK0      000C9
_pad                                            text7         10CE4
_prec                                           bssBANK0      000C7
_putch                                          text10        115BC
_read_prec_or_width                             text4         1078A
_recPtr                                         bssCOMRAM     0003A
_rx_buf                                         bssBANK1      00100
_sprintf                                        text1         11118
_timer0ReloadVal                                bssCOMRAM     00038
_tx_buf                                         bssBANK2      00200
_vfpfcnvrt                                      text3         10230
_vfprintf                                       text2         11018
_width                                          bssBANK0      000C5
abs@a                                           cstackBANK0   00066
btemp                                           temp          0004A
dtoa@d                                          cstackBANK0   0007D
dtoa@fp                                         cstackBANK0   0007B
dtoa@i                                          cstackBANK0   00086
dtoa@p                                          cstackBANK0   00081
dtoa@s                                          cstackBANK0   00085
dtoa@w                                          cstackBANK0   00083
end_of_initialization                           cinit         111A8
fputc@c                                         cstackBANK0   00060
fputc@fp                                        cstackBANK0   00062
fputs@c                                         cstackBANK0   0006D
fputs@fp                                        cstackBANK0   0006B
fputs@i                                         cstackBANK0   0006E
fputs@s                                         cstackBANK0   00069
int$flags                                       temp          0004A
intlevel0                                       text          00000
intlevel1                                       text          00000
intlevel2                                       text          00000
intlevel3                                       text          00000
isa$std                                         (abs)         00001
isa$xinst                                       (abs)         00000
main@tempString                                 cstackBANK3   00300
measure_current@i                               cstackBANK0   0007F
measure_current@offset                          cstackBANK0   00079
measure_current@result                          cstackBANK0   00081
measure_voltage@i                               cstackBANK0   00080
measure_voltage@result                          cstackBANK0   0007C
modbus_analyse_and_answer@crc                   cstackCOMRAM  00017
modbus_analyse_and_answer@crcAtt                cstackCOMRAM  0000C
modbus_analyse_and_answer@functionCode          cstackCOMRAM  0000E
modbus_analyse_and_answer@i                     cstackCOMRAM  00011
modbus_analyse_and_answer@i_1189                cstackCOMRAM  00013
modbus_analyse_and_answer@nbofRegister          cstackCOMRAM  00019
modbus_analyse_and_answer@pwmValue              cstackCOMRAM  0000F
modbus_analyse_and_answer@startingAddress       cstackCOMRAM  00015
modbus_char_recvd@c                             cstackCOMRAM  00001
modbus_send@i_1196                              cstackCOMRAM  00006
modbus_send@length                              cstackCOMRAM  00005
pad@buf                                         cstackBANK0   00072
pad@fp                                          cstackBANK0   00070
pad@i                                           cstackBANK0   00077
pad@p                                           cstackBANK0   00074
pad@w                                           cstackBANK0   00079
read_prec_or_width@ap                           cstackBANK0   00068
read_prec_or_width@c                            cstackBANK0   0006C
read_prec_or_width@fmt                          cstackBANK0   00066
read_prec_or_width@n                            cstackBANK0   0006D
sprintf@ap                                      cstackBANK0   000A6
sprintf@f                                       cstackBANK0   000A8
sprintf@fmt                                     cstackBANK0   000A2
sprintf@s                                       cstackBANK0   000A0
stackhi                                         (abs)         00000
stacklo                                         (abs)         00000
start                                           init          00118
start_initialization                            cinit         11168
ttemp5                                          temp          0004B
ttemp6                                          temp          0004E
ttemp7                                          temp          00052
vfpfcnvrt@ap                                    cstackBANK0   0008C
vfpfcnvrt@convarg                               cstackBANK0   00090
vfpfcnvrt@cp                                    cstackBANK0   00096
vfpfcnvrt@done                                  cstackBANK0   00094
vfpfcnvrt@fmt                                   cstackBANK0   0008A
vfpfcnvrt@fp                                    cstackBANK0   00088
vfprintf@ap                                     cstackBANK0   0009C
vfprintf@cfmt                                   cstackBANK0   0009E
vfprintf@fmt                                    cstackBANK0   0009A
vfprintf@fp                                     cstackBANK0   00098
wtemp8                                          temp          0004B


MODULE INFORMATION

Module		Function		Class		Link	Load	Size
C:\Program Files\Microchip\xc8\v2.41\pic\sources\c99\common\awmod.c
		___awmod       		CODE           	10C32	0000	178

C:\Program Files\Microchip\xc8\v2.41\pic\sources\c99\common\awmod.c estimated size: 178

C:\Program Files\Microchip\xc8\v2.41\pic\sources\c99\common\Umul32.c
		___lmul        		CODE           	10F4A	0000	108

C:\Program Files\Microchip\xc8\v2.41\pic\sources\c99\common\Umul32.c estimated size: 108

C:\Program Files\Microchip\xc8\v2.41\pic\sources\c99\common\__lldiv.c
		___lldiv       		CODE           	10D94	0000	166

C:\Program Files\Microchip\xc8\v2.41\pic\sources\c99\common\__lldiv.c estimated size: 166

mcc_generated_files/tmr2.c
		_TMR2_Initialize		CODE           	11528	0000	14

mcc_generated_files/tmr2.c estimated size: 14

mcc_generated_files/interrupt_manager.c
		_INTERRUPT_Initialize		CODE           	115B8	0000	4
		_INTERRUPT_InterruptManager		CODE           	0008	0000	272

mcc_generated_files/interrupt_manager.c estimated size: 276

C:\Program Files\Microchip\xc8\v2.41\pic\sources\c99\common\nf_fputc.c
		_fputc         		CODE           	1085C	0000	204

C:\Program Files\Microchip\xc8\v2.41\pic\sources\c99\common\nf_fputc.c estimated size: 204

mcc_generated_files/tmr0.c
		_TMR0_SetInterruptHandler		CODE           	11536	0000	14
		_TMR0_Reload   		CODE           	115A2	0000	10
		_TMR0_DefaultInterruptHandler		CODE           	115BE	0000	2
		_TMR0_ISR      		CODE           	11404	0000	58
		_TMR0_Initialize		CODE           	113CA	0000	58

mcc_generated_files/tmr0.c estimated size: 142

C:\Program Files\Microchip\xc8\v2.41\pic\sources\c99\common\nf_sprintf.c
		_sprintf       		CODE           	11118	0000	80

C:\Program Files\Microchip\xc8\v2.41\pic\sources\c99\common\nf_sprintf.c estimated size: 80

mcc_generated_files/pin_manager.c
		_PIN_MANAGER_Initialize		CODE           	1130E	0000	64

mcc_generated_files/pin_manager.c estimated size: 64

lcd/lcd.c
		_Lcd_Init      		CODE           	11244	0000	72
		_LCD_2x16_WriteCmd		CODE           	10FB6	0000	98
		_LCD_2x16_WriteMsg		CODE           	1138E	0000	60
		_LCD_2x16_WriteData		CODE           	110C4	0000	84

lcd/lcd.c estimated size: 314

C:\Program Files\Microchip\xc8\v2.41\pic\sources\c99\common\awdiv.c
		___awdiv       		CODE           	109F2	0000	198

C:\Program Files\Microchip\xc8\v2.41\pic\sources\c99\common\awdiv.c estimated size: 198

modbus.c
		_modbus_send   		CODE           	111B2	0000	74
		_modbus_timer  		CODE           	1158A	0000	14
		_modbus_analyse_and_answer		CODE           	10000	0000	560
		_modbus_char_recvd		CODE           	114E4	0000	24

modbus.c estimated size: 672

mcc_generated_files/adc.c
		_ADC_Initialize		CODE           	11512	0000	22
		_ADC_GetConversion		CODE           	112CE	0000	64

mcc_generated_files/adc.c estimated size: 86

C:\Program Files\Microchip\xc8\v2.41\pic\sources\c99\common\abs.c
		_abs           		CODE           	1128C	0000	66

C:\Program Files\Microchip\xc8\v2.41\pic\sources\c99\common\abs.c estimated size: 66

C:\Program Files\Microchip\xc8\v2.41\pic\sources\c99\common\doprnt.c
		_read_prec_or_width		CODE           	1078A	0000	210
		_vfpfcnvrt     		CODE           	10230	0000	482
		_pad           		CODE           	10CE4	0000	176
		_dtoa          		CODE           	10412	0000	464
		_vfprintf      		CODE           	11018	0000	86

C:\Program Files\Microchip\xc8\v2.41\pic\sources\c99\common\doprnt.c estimated size: 1418

crc.c
		_CRC16         		CODE           	10ECC	0000	126

crc.c estimated size: 126

shared
		__initialization		CODE           	11168	0000	64
		_auchCRCHi     		MEDIUMCONST    	FEE5	0000	256
		_auchCRCLo     		MEDIUMCONST    	FDE5	0000	256

shared estimated size: 576

mcc_generated_files/eusart1.c
		_EUSART1_SetRxInterruptHandler		CODE           	11552	0000	14
		_EUSART1_SetTxInterruptHandler		CODE           	11544	0000	14
		_EUSART1_Initialize		CODE           	10E3A	0000	146
		_EUSART1_DefaultErrorHandler		CODE           	115B2	0000	6
		_EUSART1_SetFramingErrorHandler		CODE           	1156E	0000	14
		_EUSART1_SetOverrunErrorHandler		CODE           	11560	0000	14
		_EUSART1_SetErrorHandler		CODE           	1157C	0000	14
		_EUSART1_Write 		CODE           	1106E	0000	86
		_EUSART1_Receive_ISR		CODE           	10AB8	0000	192
		_EUSART1_RxDataHandler		CODE           	11470	0000	42
		_EUSART1_DefaultOverrunErrorHandler		CODE           	115AC	0000	6
		_EUSART1_Transmit_ISR		CODE           	1134E	0000	64
		_EUSART1_DefaultFramingErrorHandler		CODE           	115C0	0000	2

mcc_generated_files/eusart1.c estimated size: 614

mcc_generated_files/mcc.c
		_OSCILLATOR_Initialize		CODE           	11598	0000	10
		_SYSTEM_Initialize		CODE           	114C2	0000	34

mcc_generated_files/mcc.c estimated size: 44

mcc_generated_files/epwm1.c
		_EPWM1_LoadDutyValue		CODE           	1143E	0000	50
		_EPWM1_Initialize		CODE           	114FC	0000	22

mcc_generated_files/epwm1.c estimated size: 72

measure.c
		_measure_voltage		CODE           	10B78	0000	186
		_measure_current		CODE           	105E2	0000	424

measure.c estimated size: 610

C:\Program Files\Microchip\xc8\v2.41\pic\sources\c99\common\Umul16.c
		___wmul        		CODE           	1149A	0000	40

C:\Program Files\Microchip\xc8\v2.41\pic\sources\c99\common\Umul16.c estimated size: 40

C:\Program Files\Microchip\xc8\v2.41\pic\sources\c99\common\putch.c
		_putch         		CODE           	115BC	0000	2

C:\Program Files\Microchip\xc8\v2.41\pic\sources\c99\common\putch.c estimated size: 2

C:\Program Files\Microchip\xc8\v2.41\pic\sources\c99\common\nf_fputs.c
		_fputs         		CODE           	111FC	0000	72

C:\Program Files\Microchip\xc8\v2.41\pic\sources\c99\common\nf_fputs.c estimated size: 72

main.c
		_main          		CODE           	10928	0000	202

main.c estimated size: 202

