Microchip MPLAB XC8 Compiler V2.41

Linker command line:

-W3 \
  --edf=C:\Program Files\Microchip\xc8\v2.41\pic\dat\20230208172133_en.msgs \
  -cn -h+dist/default/debug\modbus_proj.X.debug.sym \
  --cmf=dist/default/debug\modbus_proj.X.debug.cmf -z -Q18F97J60 \
  -oC:\Users\sylva\AppData\Local\Temp\xcAsfqc.\driver_tmp_3.o \
  --defsym=__MPLAB_BUILD=1 --fixupoverflow=error \
  -Mdist/default/debug/modbus_proj.X.debug.map \
  --md=C:\Users\sylva\AppData\Local\Temp\xcAsfqc.\driver_tmp_0.dat -E1 \
  -ver=XC8 Compiler --acfsm=1493 -ACODE=00h-01FFF7h -ACONST=00h-01FFF7h \
  -ASMALLCONST=01000h-010FFhx495,01FF00h-01FFF7h \
  -AMEDIUMCONST=01000h-0FFFFh,011000h-01FFF7h -ACOMRAM=01h-05Fh \
  -AABS1=00h-0E7Fh,0F00h-0F5Fh -ABIGRAM=01h-0E7Fh,0F00h-0F5Fh \
  -ARAM=060h-0FFh,0100h-01FFhx13,0E00h-0E7Fh,0F00h-0F5Fh -ABANK0=060h-0FFh \
  -ABANK1=0100h-01FFh -ABANK2=0200h-02FFh -ABANK3=0300h-03FFh \
  -ABANK4=0400h-04FFh -ABANK5=0500h-05FFh -ABANK6=0600h-06FFh \
  -ABANK7=0700h-07FFh -ABANK8=0800h-08FFh -ABANK9=0900h-09FFh \
  -ABANK10=0A00h-0AFFh -ABANK11=0B00h-0BFFh -ABANK12=0C00h-0CFFh \
  -ABANK13=0D00h-0DFFh -ABANK14=0E00h-0E7Fh -ABANK15=0F00h-0F5Fh \
  -ASFR=0E80h-0EFFh,0F60h-0FFCh -ABIGSFR=0E80h-0EFFh,0F60h-0FFCh \
  -ACONFIG=01FFF8h-01FFFDh \
  -preset_vec=00h,intcode=08h,intcodelo,powerup,init -pramtop=01000h \
  -psmallconst=SMALLCONST -pmediumconst=MEDIUMCONST -pconst=CONST \
  -AFARRAM=00h-00h -pjflash_buffer=01F800h \
  -prdata=COMRAM,nvrram=COMRAM,nvbit=COMRAM,rbss=COMRAM,rbit=COMRAM \
  -pfarbss=FARRAM,fardata=FARRAM,nvFARRAM=FARRAM \
  -pintsave_regs=BIGRAM,bigbss=BIGRAM,bigdata=BIGRAM -pbss=RAM \
  -pidata=CODE,irdata=CODE,ibigdata=CODE,ifardata=CODE -prparam=COMRAM \
  C:\Users\sylva\AppData\Local\Temp\xcAsfqc.\driver_tmp_14.o \
  dist/default/debug\modbus_proj.X.debug.o 

Object code version is 3.11

Machine type is 18F97J60



                Name                               Link     Load   Length Selector   Space Scale
C:\Users\sylva\AppData\Local\Temp\xcAsfqc.\driver_tmp_14.o
                config                            1FFF8    1FFF8        6        0       4
                init                                126      126        4        4       0
                reset_vec                             0        0        6        0       0
dist/default/debug\modbus_proj.X.debug.o
                intcode                               8        8      11E        4       0
                config                            1FFF8    1FFF8        6        0       4
                temp                                 51       51        1        1       1
                mediumconst                        FDE4     FDE4      21C     7EF2       0
                text54                            114EA    114EA       2A     8000       0
                text53                            1162C    1162C        6     8000       0
                text52                            1163A    1163A        2     8000       0
                text51                            11626    11626        6     8000       0
                text50                            10B32    10B32       C0     8000       0
                text49                            113C8    113C8       40     8000       0
                text48                            11638    11638        2     8000       0
                text47                            1147E    1147E       3A     8000       0
                text46                            1161C    1161C        A     8000       0
                text45                            1155E    1155E       18     8000       0
                text44                            10F46    10F46       7E     8000       0
                text43                            10000    10000      296     8000       0
                text42                            110E8    110E8       56     8000       0
                text41                            1122C    1122C       4A     8000       0
                text40                            11604    11604        E     8000       0
                text38                            114B8    114B8       32     8000       0
                text37                            11030    11030       62     8000       0
                text36                            1113E    1113E       54     8000       0
                text35                            11408    11408       3C     8000       0
                text34                            112BE    112BE       48     8000       0
                text33                            1158C    1158C       16     8000       0
                text32                            11576    11576       16     8000       0
                text31                            115F6    115F6        E     8000       0
                text30                            115E8    115E8        E     8000       0
                text29                            115DA    115DA        E     8000       0
                text28                            115CC    115CC        E     8000       0
                text27                            115BE    115BE        E     8000       0
                text26                            10EB4    10EB4       92     8000       0
                text25                            11632    11632        4     8000       0
                text24                            11612    11612        A     8000       0
                text23                            11388    11388       40     8000       0
                text22                            115B0    115B0        E     8000       0
                text21                            11444    11444       3A     8000       0
                text20                            115A2    115A2        E     8000       0
                text19                            1153C    1153C       22     8000       0
                text18                            11348    11348       40     8000       0
                text17                            10E0E    10E0E       A6     8000       0
                text16                            10FC4    10FC4       6C     8000       0
                text15                            10648    10648      1A8     8000       0
                text14                            10BF2    10BF2       BA     8000       0
                text13                            10A6C    10A6C       C6     8000       0
                text12                            10CAC    10CAC       B2     8000       0
                text11                            11306    11306       42     8000       0
                text10                            11636    11636        2     8000       0
                text9                             109A0    109A0       CC     8000       0
                text8                             11276    11276       48     8000       0
                text7                             10D5E    10D5E       B0     8000       0
                text6                             10478    10478      1D0     8000       0
                text5                             11514    11514       28     8000       0
                text4                             108CE    108CE       D2     8000       0
                text3                             10296    10296      1E2     8000       0
                text2                             11092    11092       56     8000       0
                text1                             11192    11192       50     8000       0
                text0                             107F0    107F0       DE     8000       0
                cstackCOMRAM                          1        1       28        1       1
                cstackBANK0                          60       60       55       60       1
                cstackBANK3                         300      300       14      300       1
                bssBANK2                            200      200      100      200       1
                bssBANK1                            100      100      100      100       1
                bssBANK0                             B5       B5       37       60       1
                bssCOMRAM                            29       29       1F        1       1
                cinit                             111E2    111E2       4A     8000       0
                nvBANK0                              EC       EC        9       60       1
                nvCOMRAM                             48       48        9        1       1

TOTAL           Name                               Link     Load   Length     Space
        CLASS   CODE           
                intcode                               8        8      11E         0
                init                                126      126        4         0
                reset_vec                             0        0        6         0
                text54                            114EA    114EA       2A         0
                text53                            1162C    1162C        6         0
                text52                            1163A    1163A        2         0
                text51                            11626    11626        6         0
                text50                            10B32    10B32       C0         0
                text49                            113C8    113C8       40         0
                text48                            11638    11638        2         0
                text47                            1147E    1147E       3A         0
                text46                            1161C    1161C        A         0
                text45                            1155E    1155E       18         0
                text44                            10F46    10F46       7E         0
                text43                            10000    10000      296         0
                text42                            110E8    110E8       56         0
                text41                            1122C    1122C       4A         0
                text40                            11604    11604        E         0
                text38                            114B8    114B8       32         0
                text37                            11030    11030       62         0
                text36                            1113E    1113E       54         0
                text35                            11408    11408       3C         0
                text34                            112BE    112BE       48         0
                text33                            1158C    1158C       16         0
                text32                            11576    11576       16         0
                text31                            115F6    115F6        E         0
                text30                            115E8    115E8        E         0
                text29                            115DA    115DA        E         0
                text28                            115CC    115CC        E         0
                text27                            115BE    115BE        E         0
                text26                            10EB4    10EB4       92         0
                text25                            11632    11632        4         0
                text24                            11612    11612        A         0
                text23                            11388    11388       40         0
                text22                            115B0    115B0        E         0
                text21                            11444    11444       3A         0
                text20                            115A2    115A2        E         0
                text19                            1153C    1153C       22         0
                text18                            11348    11348       40         0
                text17                            10E0E    10E0E       A6         0
                text16                            10FC4    10FC4       6C         0
                text15                            10648    10648      1A8         0
                text14                            10BF2    10BF2       BA         0
                text13                            10A6C    10A6C       C6         0
                text12                            10CAC    10CAC       B2         0
                text11                            11306    11306       42         0
                text10                            11636    11636        2         0
                text9                             109A0    109A0       CC         0
                text8                             11276    11276       48         0
                text7                             10D5E    10D5E       B0         0
                text6                             10478    10478      1D0         0
                text5                             11514    11514       28         0
                text4                             108CE    108CE       D2         0
                text3                             10296    10296      1E2         0
                text2                             11092    11092       56         0
                text1                             11192    11192       50         0
                text0                             107F0    107F0       DE         0
                cinit                             111E2    111E2       4A         0

        CLASS   CONST          

        CLASS   SMALLCONST     

        CLASS   MEDIUMCONST    
                mediumconst                        FDE4     FDE4      21C         0

        CLASS   COMRAM         
                temp                                 51       51        1         1
                cstackCOMRAM                          1        1       28         1
                bssCOMRAM                            29       29       1F         1
                nvCOMRAM                             48       48        9         1

        CLASS   ABS1           

        CLASS   BIGRAM         

        CLASS   RAM            

        CLASS   BANK0          
                cstackBANK0                          60       60       55         1
                bssBANK0                             B5       B5       37         1
                nvBANK0                              EC       EC        9         1

        CLASS   BANK1          
                bssBANK1                            100      100      100         1

        CLASS   BANK2          
                bssBANK2                            200      200      100         1

        CLASS   BANK3          
                cstackBANK3                         300      300       14         1

        CLASS   BANK4          

        CLASS   BANK5          

        CLASS   BANK6          

        CLASS   BANK7          

        CLASS   BANK8          

        CLASS   BANK9          

        CLASS   BANK10         

        CLASS   BANK11         

        CLASS   BANK12         

        CLASS   BANK13         

        CLASS   BANK14         

        CLASS   BANK15         

        CLASS   SFR            

        CLASS   BIGSFR         

        CLASS   CONFIG         
                config                            1FFF8    1FFF8        6         4

        CLASS   FARRAM         

        CLASS   HEAP           

        CLASS   STACK          

        CLASS   IDLOC          



SEGMENTS        Name                           Load    Length   Top    Selector   Space  Class

                reset_vec                      000000  000006  000006         0       0  CODE    
                cstackCOMRAM                   000001  000051  000052         1       1  COMRAM  
                intcode                        000008  000122  00012A         4       0  CODE    
                cstackBANK0                    000060  000095  0000F5        60       1  BANK0   
                bssBANK1                       000100  000100  000200       100       1  BANK1   
                bssBANK2                       000200  000100  000300       200       1  BANK2   
                cstackBANK3                    000300  000014  000314       300       1  BANK3   
                mediumconst                    00FDE4  00021C  010000      7EF2       0  MEDIUMCO
                text43                         010000  00163C  01163C      8000       0  CODE    


UNUSED ADDRESS RANGES

        Name                Unused          Largest block    Delta
        BANK0            000F5-000FF               B
        BANK10           00A00-00AFF             100
        BANK11           00B00-00BFF             100
        BANK12           00C00-00CFF             100
        BANK13           00D00-00DFF             100
        BANK14           00E00-00E7F              80
        BANK15           00F00-00F5F              60
        BANK3            00314-003FF              EC
        BANK4            00400-004FF             100
        BANK5            00500-005FF             100
        BANK6            00600-006FF             100
        BANK7            00700-007FF             100
        BANK8            00800-008FF             100
        BANK9            00900-009FF             100
        BIGRAM           00052-0005F               E
                         000F5-000FF               B
                         00314-00E7F             B6C
                         00F00-00F5F              60
        BIGSFR           00E80-00EFF              80
                         00F60-00FFC              9D
        CODE             00006-00007               2
                         0012A-0FDE3            FCBA
                         1163C-1FFF7            E9BC
        COMRAM           00052-0005F               E
        CONST            00006-00007               2
                         0012A-0FDE3            FCBA
                         1163C-1FFF7            E9BC
        MEDIUMCONST      01000-0FDE3            EDE4
                         1163C-1FFF7            E9BC
        RAM              000F5-000FF               B
                         00314-00E7F             100
                         00F00-00F5F              60
        SFR              00E80-00EFF              80
                         00F60-00FFC              9D
        SMALLCONST       01000-0FDE3             100
                         1163C-1FFF7             100

                                  Symbol Table

?_ADC_GetConversion                             cstackBANK0   00060
?_CRC16                                         cstackCOMRAM  00001
?___awdiv                                       cstackBANK0   00060
?___awmod                                       cstackBANK0   00060
?___lldiv                                       cstackBANK0   0006C
?___lmul                                        cstackBANK0   00060
?___wmul                                        cstackBANK0   00060
?_abs                                           cstackBANK0   00066
?_measure_current                               cstackBANK0   00079
?_measure_voltage                               cstackBANK0   00079
?_read_prec_or_width                            cstackBANK0   00066
?_sprintf                                       cstackBANK0   000A0
?_vfprintf                                      cstackBANK0   00098
ADC_GetConversion@channel                       cstackBANK0   00064
CRC16@length                                    cstackCOMRAM  00003
CRC16@msg                                       cstackCOMRAM  00001
CRC16@uIndex                                    cstackCOMRAM  00007
CRC16@uchCRCHi                                  cstackCOMRAM  00008
CRC16@uchCRCLo                                  cstackCOMRAM  00009
EPWM1_LoadDutyValue@dutyValue                   cstackBANK0   00060
EUSART1_SetErrorHandler@interruptHandler        cstackBANK0   00060
EUSART1_SetFramingErrorHandler@interruptHandler cstackBANK0   00060
EUSART1_SetOverrunErrorHandler@interruptHandler cstackBANK0   00060
EUSART1_SetRxInterruptHandler@interruptHandler  cstackBANK0   00060
EUSART1_SetTxInterruptHandler@interruptHandler  cstackBANK0   00060
EUSART1_Write@txData                            cstackCOMRAM  00001
LCD_2x16_WriteCmd@command                       cstackBANK0   00061
LCD_2x16_WriteData@command                      cstackBANK0   00061
LCD_2x16_WriteMsg@line                          cstackBANK0   00064
LCD_2x16_WriteMsg@msg                           cstackBANK0   00062
TMR0_SetInterruptHandler@InterruptHandler       cstackBANK0   00060
_ADCON0                                         (abs)         00FC2
_ADCON0bits                                     (abs)         00FC2
_ADCON1                                         (abs)         00FC1
_ADCON1bits                                     (abs)         00FC1
_ADCON2                                         (abs)         00FC0
_ADC_GetConversion                              text18        11348
_ADC_Initialize                                 text33        1158C
_ADC_InterruptHandler                           bssCOMRAM     00039
_ADRESH                                         (abs)         00FC4
_ADRESL                                         (abs)         00FC3
_BAUDCON1                                       (abs)         00F7E
_CCP1CON                                        (abs)         00FBD
_CCPR1H                                         (abs)         00FBF
_CCPR1L                                         (abs)         00FBE
_CRC16                                          text44        10F46
_ECCP1AS                                        (abs)         00FB6
_ECCP1DEL                                       (abs)         00F79
_EPWM1_Initialize                               text32        11576
_EPWM1_LoadDutyValue                            text38        114B8
_EUSART1_DefaultErrorHandler                    text53        1162C
_EUSART1_DefaultFramingErrorHandler             text52        1163A
_EUSART1_DefaultOverrunErrorHandler             text51        11626
_EUSART1_ErrorHandler                           nvBANK0       000EC
_EUSART1_FramingErrorHandler                    nvBANK0       000F2
_EUSART1_Initialize                             text26        10EB4
_EUSART1_OverrunErrorHandler                    nvBANK0       000EF
_EUSART1_Receive_ISR                            text50        10B32
_EUSART1_RxDataHandler                          text54        114EA
_EUSART1_RxDefaultInterruptHandler              nvCOMRAM      0004B
_EUSART1_SetErrorHandler                        text31        115F6
_EUSART1_SetFramingErrorHandler                 text30        115E8
_EUSART1_SetOverrunErrorHandler                 text29        115DA
_EUSART1_SetRxInterruptHandler                  text28        115CC
_EUSART1_SetTxInterruptHandler                  text27        115BE
_EUSART1_Transmit_ISR                           text49        113C8
_EUSART1_TxDefaultInterruptHandler              nvCOMRAM      0004E
_EUSART1_Write                                  text42        110E8
_INTCONbits                                     (abs)         00FF2
_INTERRUPT_Initialize                           text25        11632
_INTERRUPT_InterruptManager                     intcode       00008
_LATA                                           (abs)         00F89
_LATB                                           (abs)         00F8A
_LATC                                           (abs)         00F8B
_LATD                                           (abs)         00F8C
_LATDbits                                       (abs)         00F8C
_LATE                                           (abs)         00F8D
_LATF                                           (abs)         00F8E
_LATG                                           (abs)         00F8F
_LATH                                           (abs)         00F90
_LATJ                                           (abs)         00F91
_LCD_2x16_WriteCmd                              text37        11030
_LCD_2x16_WriteData                             text36        1113E
_LCD_2x16_WriteMsg                              text35        11408
_Lcd_Init                                       text34        112BE
_OSCCON                                         (abs)         00FD3
_OSCILLATOR_Initialize                          text24        11612
_OSCTUNE                                        (abs)         00F9B
_PIE1bits                                       (abs)         00F9D
_PIN_MANAGER_Initialize                         text23        11388
_PIR1bits                                       (abs)         00F9E
_PR2                                            (abs)         00FCB
_RCONbits                                       (abs)         00FD0
_RCREG1                                         (abs)         00FAE
_RCSTA1                                         (abs)         00FAB
_RCSTA1bits                                     (abs)         00FAB
_SPBRG1                                         (abs)         00FAF
_SPBRGH1                                        (abs)         00F7F
_SYSTEM_Initialize                              text19        1153C
_T0CON                                          (abs)         00FD5
_T0CONbits                                      (abs)         00FD5
_T2CON                                          (abs)         00FCA
_T2CONbits                                      (abs)         00FCA
_TMR0H                                          (abs)         00FD7
_TMR0L                                          (abs)         00FD6
_TMR0ON                                         (abs)         07EAF
_TMR0_DefaultInterruptHandler                   text48        11638
_TMR0_ISR                                       text47        1147E
_TMR0_Initialize                                text21        11444
_TMR0_InterruptHandler                          nvCOMRAM      00048
_TMR0_Reload                                    text46        1161C
_TMR0_SetInterruptHandler                       text22        115B0
_TMR2                                           (abs)         00FCC
_TMR2_Initialize                                text20        115A2
_TRISA                                          (abs)         00F92
_TRISB                                          (abs)         00F93
_TRISC                                          (abs)         00F94
_TRISD                                          (abs)         00F95
_TRISDbits                                      (abs)         00F95
_TRISE                                          (abs)         00F96
_TRISF                                          (abs)         00F97
_TRISG                                          (abs)         00F98
_TRISH                                          (abs)         00F99
_TRISJ                                          (abs)         00F9A
_TXREG1                                         (abs)         00FAD
_TXSTA1                                         (abs)         00FAC
_TXSTA1bits                                     (abs)         00FAC
__HRAM                                          (abs)         00000
__H__absolute__                                 __absolute__  00000
__Habs1                                         abs1          00000
__Hbank0                                        bank0         00000
__Hbank1                                        bank1         00000
__Hbank10                                       bank10        00000
__Hbank11                                       bank11        00000
__Hbank12                                       bank12        00000
__Hbank13                                       bank13        00000
__Hbank14                                       bank14        00000
__Hbank15                                       bank15        00000
__Hbank2                                        bank2         00000
__Hbank3                                        bank3         00000
__Hbank4                                        bank4         00000
__Hbank5                                        bank5         00000
__Hbank6                                        bank6         00000
__Hbank7                                        bank7         00000
__Hbank8                                        bank8         00000
__Hbank9                                        bank9         00000
__Hbigbss                                       bigbss        00000
__Hbigdata                                      bigdata       00000
__Hbigram                                       bigram        00000
__Hbigsfr                                       bigsfr        00000
__Hbss                                          bss           00000
__HbssBANK0                                     bssBANK0      00000
__HbssBANK1                                     bssBANK1      00000
__HbssBANK2                                     bssBANK2      00000
__HbssCOMRAM                                    bssCOMRAM     00000
__Hcinit                                        cinit         00000
__Hclrtext                                      clrtext       00000
__Hcomram                                       comram        00000
__Hconfig                                       config        1FFFE
__Hconst                                        const         00000
__HcstackBANK0                                  cstackBANK0   00000
__HcstackBANK3                                  cstackBANK3   00000
__HcstackCOMRAM                                 cstackCOMRAM  00000
__Hdata                                         data          00000
__Hfarbss                                       farbss        00000
__Hfardata                                      fardata       00000
__Hheap                                         heap          00000
__Hibigdata                                     ibigdata      00000
__Hidata                                        idata         00000
__Hidloc                                        idloc         00000
__Hifardata                                     ifardata      00000
__Hinit                                         init          0012A
__Hintcode                                      intcode       00126
__Hintcode_body                                 intcode_body  00000
__Hintcodelo                                    intcodelo     00126
__Hintentry                                     intentry      00000
__Hintret                                       intret        00000
__Hintsave_regs                                 intsave_regs  00000
__Hirdata                                       irdata        00000
__Hjflash_buffer                                jflash_buffer 1F800
__Hmediumconst                                  mediumconst   10000
__HnvBANK0                                      nvBANK0       00000
__HnvCOMRAM                                     nvCOMRAM      00000
__HnvFARRAM                                     nvFARRAM      00000
__Hnvbit                                        nvbit         00000
__Hnvrram                                       nvrram        00000
__Hparam                                        rparam        00000
__Hpowerup                                      powerup       00126
__Hram                                          ram           00000
__Hramtop                                       ramtop        01000
__Hrbit                                         rbit          00000
__Hrbss                                         rbss          00000
__Hrdata                                        rdata         00000
__Hreset_vec                                    reset_vec     00006
__Hrparam                                       rparam        00000
__Hsfr                                          sfr           00000
__Hsmallconst                                   smallconst    00000
__Hspace_0                                      (abs)         1F800
__Hspace_1                                      (abs)         00314
__Hspace_2                                      (abs)         00000
__Hspace_4                                      (abs)         3FFF6
__Hstack                                        stack         00000
__Hstruct                                       struct        00000
__Htemp                                         temp          00052
__Htext                                         text          00000
__Htext0                                        text0         00000
__Htext1                                        text1         00000
__Htext10                                       text10        00000
__Htext11                                       text11        00000
__Htext12                                       text12        00000
__Htext13                                       text13        00000
__Htext14                                       text14        00000
__Htext15                                       text15        00000
__Htext16                                       text16        00000
__Htext17                                       text17        00000
__Htext18                                       text18        00000
__Htext19                                       text19        00000
__Htext2                                        text2         00000
__Htext20                                       text20        00000
__Htext21                                       text21        00000
__Htext22                                       text22        00000
__Htext23                                       text23        00000
__Htext24                                       text24        00000
__Htext25                                       text25        00000
__Htext26                                       text26        00000
__Htext27                                       text27        00000
__Htext28                                       text28        00000
__Htext29                                       text29        00000
__Htext3                                        text3         00000
__Htext30                                       text30        00000
__Htext31                                       text31        00000
__Htext32                                       text32        00000
__Htext33                                       text33        00000
__Htext34                                       text34        00000
__Htext35                                       text35        00000
__Htext36                                       text36        00000
__Htext37                                       text37        00000
__Htext38                                       text38        00000
__Htext4                                        text4         00000
__Htext40                                       text40        00000
__Htext41                                       text41        00000
__Htext42                                       text42        00000
__Htext43                                       text43        00000
__Htext44                                       text44        00000
__Htext45                                       text45        00000
__Htext46                                       text46        00000
__Htext47                                       text47        00000
__Htext48                                       text48        00000
__Htext49                                       text49        00000
__Htext5                                        text5         00000
__Htext50                                       text50        00000
__Htext51                                       text51        00000
__Htext52                                       text52        00000
__Htext53                                       text53        00000
__Htext54                                       text54        00000
__Htext55                                       text55        00000
__Htext6                                        text6         00000
__Htext7                                        text7         00000
__Htext8                                        text8         00000
__Htext9                                        text9         00000
__LRAM                                          (abs)         00001
__L__absolute__                                 __absolute__  00000
__Labs1                                         abs1          00000
__Lbank0                                        bank0         00000
__Lbank1                                        bank1         00000
__Lbank10                                       bank10        00000
__Lbank11                                       bank11        00000
__Lbank12                                       bank12        00000
__Lbank13                                       bank13        00000
__Lbank14                                       bank14        00000
__Lbank15                                       bank15        00000
__Lbank2                                        bank2         00000
__Lbank3                                        bank3         00000
__Lbank4                                        bank4         00000
__Lbank5                                        bank5         00000
__Lbank6                                        bank6         00000
__Lbank7                                        bank7         00000
__Lbank8                                        bank8         00000
__Lbank9                                        bank9         00000
__Lbigbss                                       bigbss        00000
__Lbigdata                                      bigdata       00000
__Lbigram                                       bigram        00000
__Lbigsfr                                       bigsfr        00000
__Lbss                                          bss           00000
__LbssBANK0                                     bssBANK0      00000
__LbssBANK1                                     bssBANK1      00000
__LbssBANK2                                     bssBANK2      00000
__LbssCOMRAM                                    bssCOMRAM     00000
__Lcinit                                        cinit         00000
__Lclrtext                                      clrtext       00000
__Lcomram                                       comram        00000
__Lconfig                                       config        00000
__Lconst                                        const         00000
__LcstackBANK0                                  cstackBANK0   00000
__LcstackBANK3                                  cstackBANK3   00000
__LcstackCOMRAM                                 cstackCOMRAM  00000
__Ldata                                         data          00000
__Lfarbss                                       farbss        00000
__Lfardata                                      fardata       00000
__Lheap                                         heap          00000
__Libigdata                                     ibigdata      00000
__Lidata                                        idata         00000
__Lidloc                                        idloc         00000
__Lifardata                                     ifardata      00000
__Linit                                         init          00126
__Lintcode                                      intcode       00008
__Lintcode_body                                 intcode_body  00000
__Lintcodelo                                    intcodelo     00126
__Lintentry                                     intentry      00000
__Lintret                                       intret        00000
__Lintsave_regs                                 intsave_regs  00000
__Lirdata                                       irdata        00000
__Ljflash_buffer                                jflash_buffer 1F800
__Lmediumconst                                  mediumconst   0FDE4
__LnvBANK0                                      nvBANK0       00000
__LnvCOMRAM                                     nvCOMRAM      00000
__LnvFARRAM                                     nvFARRAM      00000
__Lnvbit                                        nvbit         00000
__Lnvrram                                       nvrram        00000
__Lparam                                        rparam        00000
__Lpowerup                                      powerup       00126
__Lram                                          ram           00000
__Lramtop                                       ramtop        01000
__Lrbit                                         rbit          00000
__Lrbss                                         rbss          00000
__Lrdata                                        rdata         00000
__Lreset_vec                                    reset_vec     00000
__Lrparam                                       rparam        00000
__Lsfr                                          sfr           00000
__Lsmallconst                                   smallconst    00000
__Lspace_0                                      (abs)         00000
__Lspace_1                                      (abs)         00000
__Lspace_2                                      (abs)         00000
__Lspace_4                                      (abs)         00000
__Lstack                                        stack         00000
__Lstruct                                       struct        00000
__Ltemp                                         temp          00051
__Ltext                                         text          00000
__Ltext0                                        text0         00000
__Ltext1                                        text1         00000
__Ltext10                                       text10        00000
__Ltext11                                       text11        00000
__Ltext12                                       text12        00000
__Ltext13                                       text13        00000
__Ltext14                                       text14        00000
__Ltext15                                       text15        00000
__Ltext16                                       text16        00000
__Ltext17                                       text17        00000
__Ltext18                                       text18        00000
__Ltext19                                       text19        00000
__Ltext2                                        text2         00000
__Ltext20                                       text20        00000
__Ltext21                                       text21        00000
__Ltext22                                       text22        00000
__Ltext23                                       text23        00000
__Ltext24                                       text24        00000
__Ltext25                                       text25        00000
__Ltext26                                       text26        00000
__Ltext27                                       text27        00000
__Ltext28                                       text28        00000
__Ltext29                                       text29        00000
__Ltext3                                        text3         00000
__Ltext30                                       text30        00000
__Ltext31                                       text31        00000
__Ltext32                                       text32        00000
__Ltext33                                       text33        00000
__Ltext34                                       text34        00000
__Ltext35                                       text35        00000
__Ltext36                                       text36        00000
__Ltext37                                       text37        00000
__Ltext38                                       text38        00000
__Ltext4                                        text4         00000
__Ltext40                                       text40        00000
__Ltext41                                       text41        00000
__Ltext42                                       text42        00000
__Ltext43                                       text43        00000
__Ltext44                                       text44        00000
__Ltext45                                       text45        00000
__Ltext46                                       text46        00000
__Ltext47                                       text47        00000
__Ltext48                                       text48        00000
__Ltext49                                       text49        00000
__Ltext5                                        text5         00000
__Ltext50                                       text50        00000
__Ltext51                                       text51        00000
__Ltext52                                       text52        00000
__Ltext53                                       text53        00000
__Ltext54                                       text54        00000
__Ltext55                                       text55        00000
__Ltext6                                        text6         00000
__Ltext7                                        text7         00000
__Ltext8                                        text8         00000
__Ltext9                                        text9         00000
__S0                                            (abs)         1163C
__S1                                            (abs)         00314
__S4                                            (abs)         00000
___awdiv                                        text13        10A6C
___awdiv@counter                                cstackBANK0   00064
___awdiv@dividend                               cstackBANK0   00060
___awdiv@divisor                                cstackBANK0   00062
___awdiv@quotient                               cstackBANK0   00066
___awdiv@sign                                   cstackBANK0   00065
___awmod                                        text12        10CAC
___awmod@counter                                cstackBANK0   00064
___awmod@dividend                               cstackBANK0   00060
___awmod@divisor                                cstackBANK0   00062
___awmod@sign                                   cstackBANK0   00065
___extmem_base                                  (abs)         20000
___heap_hi                                      (abs)         00000
___heap_lo                                      (abs)         00000
___inthi_sp                                     stack         00000
___intlo_sp                                     stack         00000
___lldiv                                        text17        10E0E
___lldiv@counter                                cstackBANK0   00078
___lldiv@dividend                               cstackBANK0   0006C
___lldiv@divisor                                cstackBANK0   00070
___lldiv@quotient                               cstackBANK0   00074
___lmul                                         text16        10FC4
___lmul@multiplicand                            cstackBANK0   00064
___lmul@multiplier                              cstackBANK0   00060
___lmul@product                                 cstackBANK0   00068
___param_bank                                   (abs)         00000
___rparam_used                                  (abs)         00001
___sp                                           stack         00000
___wmul                                         text5         11514
___wmul@multiplicand                            cstackBANK0   00062
___wmul@multiplier                              cstackBANK0   00060
___wmul@product                                 cstackBANK0   00064
__accesstop                                     (abs)         00060
__activetblptr                                  (abs)         00003
__end_of_ADC_GetConversion                      text18        11388
__end_of_ADC_Initialize                         text33        115A2
__end_of_CRC16                                  text44        10FC4
__end_of_EPWM1_Initialize                       text32        1158C
__end_of_EPWM1_LoadDutyValue                    text38        114EA
__end_of_EUSART1_DefaultErrorHandler            text53        11632
__end_of_EUSART1_DefaultFramingErrorHandler     text52        1163C
__end_of_EUSART1_DefaultOverrunErrorHandler     text51        1162C
__end_of_EUSART1_Initialize                     text26        10F46
__end_of_EUSART1_Receive_ISR                    text50        10BF2
__end_of_EUSART1_RxDataHandler                  text54        11514
__end_of_EUSART1_SetErrorHandler                text31        11604
__end_of_EUSART1_SetFramingErrorHandler         text30        115F6
__end_of_EUSART1_SetOverrunErrorHandler         text29        115E8
__end_of_EUSART1_SetRxInterruptHandler          text28        115DA
__end_of_EUSART1_SetTxInterruptHandler          text27        115CC
__end_of_EUSART1_Transmit_ISR                   text49        11408
__end_of_EUSART1_Write                          text42        1113E
__end_of_INTERRUPT_Initialize                   text25        11636
__end_of_INTERRUPT_InterruptManager             intcode       00126
__end_of_LCD_2x16_WriteCmd                      text37        11092
__end_of_LCD_2x16_WriteData                     text36        11192
__end_of_LCD_2x16_WriteMsg                      text35        11444
__end_of_Lcd_Init                               text34        11306
__end_of_OSCILLATOR_Initialize                  text24        1161C
__end_of_PIN_MANAGER_Initialize                 text23        113C8
__end_of_SYSTEM_Initialize                      text19        1155E
__end_of_TMR0_DefaultInterruptHandler           text48        1163A
__end_of_TMR0_ISR                               text47        114B8
__end_of_TMR0_Initialize                        text21        1147E
__end_of_TMR0_Reload                            text46        11626
__end_of_TMR0_SetInterruptHandler               text22        115BE
__end_of_TMR2_Initialize                        text20        115B0
__end_of___awdiv                                text13        10B32
__end_of___awmod                                text12        10D5E
__end_of___lldiv                                text17        10EB4
__end_of___lmul                                 text16        11030
__end_of___wmul                                 text5         1153C
__end_of__initialization                        cinit         11222
__end_of_abs                                    text11        11348
__end_of_auchCRCHi                              mediumconst   0FFE5
__end_of_auchCRCLo                              mediumconst   0FEE5
__end_of_dtoa                                   text6         10648
__end_of_fputc                                  text9         10A6C
__end_of_fputs                                  text8         112BE
__end_of_main                                   text0         108CE
__end_of_measure_current                        text15        107F0
__end_of_measure_voltage                        text14        10CAC
__end_of_modbus_analyse_and_answer              text43        10296
__end_of_modbus_char_recvd                      text45        11576
__end_of_modbus_send                            text41        11276
__end_of_modbus_timer                           text40        11612
__end_of_pad                                    text7         10E0E
__end_of_putch                                  text10        11638
__end_of_read_prec_or_width                     text4         109A0
__end_of_sprintf                                text1         111E2
__end_of_vfpfcnvrt                              text3         10478
__end_of_vfprintf                               text2         110E8
__initialization                                cinit         111E2
__mediumconst                                   mediumconst   0FDE4
__pbssBANK0                                     bssBANK0      000B5
__pbssBANK1                                     bssBANK1      00100
__pbssBANK2                                     bssBANK2      00200
__pbssCOMRAM                                    bssCOMRAM     00029
__pcinit                                        cinit         111E2
__pcstackBANK0                                  cstackBANK0   00060
__pcstackBANK3                                  cstackBANK3   00300
__pcstackCOMRAM                                 cstackCOMRAM  00001
__pintcode                                      intcode       00008
__pmediumconst                                  mediumconst   0FDE4
__pnvBANK0                                      nvBANK0       000EC
__pnvCOMRAM                                     nvCOMRAM      00048
__ptext0                                        text0         107F0
__ptext1                                        text1         11192
__ptext10                                       text10        11636
__ptext11                                       text11        11306
__ptext12                                       text12        10CAC
__ptext13                                       text13        10A6C
__ptext14                                       text14        10BF2
__ptext15                                       text15        10648
__ptext16                                       text16        10FC4
__ptext17                                       text17        10E0E
__ptext18                                       text18        11348
__ptext19                                       text19        1153C
__ptext2                                        text2         11092
__ptext20                                       text20        115A2
__ptext21                                       text21        11444
__ptext22                                       text22        115B0
__ptext23                                       text23        11388
__ptext24                                       text24        11612
__ptext25                                       text25        11632
__ptext26                                       text26        10EB4
__ptext27                                       text27        115BE
__ptext28                                       text28        115CC
__ptext29                                       text29        115DA
__ptext3                                        text3         10296
__ptext30                                       text30        115E8
__ptext31                                       text31        115F6
__ptext32                                       text32        11576
__ptext33                                       text33        1158C
__ptext34                                       text34        112BE
__ptext35                                       text35        11408
__ptext36                                       text36        1113E
__ptext37                                       text37        11030
__ptext38                                       text38        114B8
__ptext4                                        text4         108CE
__ptext40                                       text40        11604
__ptext41                                       text41        1122C
__ptext42                                       text42        110E8
__ptext43                                       text43        10000
__ptext44                                       text44        10F46
__ptext45                                       text45        1155E
__ptext46                                       text46        1161C
__ptext47                                       text47        1147E
__ptext48                                       text48        11638
__ptext49                                       text49        113C8
__ptext5                                        text5         11514
__ptext50                                       text50        10B32
__ptext51                                       text51        11626
__ptext52                                       text52        1163A
__ptext53                                       text53        1162C
__ptext54                                       text54        114EA
__ptext55                                       text55        00000
__ptext6                                        text6         10478
__ptext7                                        text7         10D5E
__ptext8                                        text8         11276
__ptext9                                        text9         109A0
__ramtop                                        ramtop        01000
__smallconst                                    smallconst    00000
_abs                                            text11        11306
_auchCRCHi                                      mediumconst   0FEE5
_auchCRCLo                                      mediumconst   0FDE5
_dbuf                                           bssBANK0      000CC
_dtoa                                           text6         10478
_dtoa$1718                                      cstackBANK0   0007F
_eusart1RxBuffer                                bssBANK0      000B5
_eusart1RxCount                                 bssCOMRAM     00042
_eusart1RxHead                                  bssCOMRAM     00044
_eusart1RxLastError                             bssCOMRAM     00041
_eusart1RxStatusBuffer                          bssCOMRAM     00029
_eusart1RxTail                                  bssCOMRAM     00043
_eusart1TxBuffer                                bssCOMRAM     00031
_eusart1TxBufferRemaining                       bssCOMRAM     00045
_eusart1TxHead                                  bssCOMRAM     00047
_eusart1TxTail                                  bssCOMRAM     00046
_flags                                          bssBANK0      000CB
_fputc                                          text9         109A0
_fputs                                          text8         11276
_holding_registers                              bssBANK0      000C1
_index                                          bssCOMRAM     0003F
_input_registers                                bssBANK0      000BD
_main                                           text0         107F0
_measure_current                                text15        10648
_measure_voltage                                text14        10BF2
_modbusAddress                                  bssCOMRAM     00040
_modbus_analyse_and_answer                      text43        10000
_modbus_char_recvd                              text45        1155E
_modbus_send                                    text41        1122C
_modbus_timer                                   text40        11604
_offset                                         bssBANK0      000C9
_pad                                            text7         10D5E
_prec                                           bssBANK0      000C7
_putch                                          text10        11636
_read_prec_or_width                             text4         108CE
_recPtr                                         bssCOMRAM     0003E
_rx_buf                                         bssBANK1      00100
_sprintf                                        text1         11192
_timer0ReloadVal                                bssCOMRAM     0003C
_tx_buf                                         bssBANK2      00200
_vfpfcnvrt                                      text3         10296
_vfprintf                                       text2         11092
_width                                          bssBANK0      000C5
abs@a                                           cstackBANK0   00066
btemp                                           temp          00051
dtoa@d                                          cstackBANK0   0007D
dtoa@fp                                         cstackBANK0   0007B
dtoa@i                                          cstackBANK0   00086
dtoa@p                                          cstackBANK0   00081
dtoa@s                                          cstackBANK0   00085
dtoa@w                                          cstackBANK0   00083
end_of_initialization                           cinit         11222
fputc@c                                         cstackBANK0   00060
fputc@fp                                        cstackBANK0   00062
fputs@c                                         cstackBANK0   0006D
fputs@fp                                        cstackBANK0   0006B
fputs@i                                         cstackBANK0   0006E
fputs@s                                         cstackBANK0   00069
int$flags                                       temp          00051
intlevel0                                       text          00000
intlevel1                                       text          00000
intlevel2                                       text          00000
intlevel3                                       text          00000
isa$std                                         (abs)         00001
isa$xinst                                       (abs)         00000
main@tempString                                 cstackBANK3   00300
measure_current@i                               cstackBANK0   0007F
measure_current@offset                          cstackBANK0   00079
measure_current@result                          cstackBANK0   00081
measure_voltage@i                               cstackBANK0   00080
measure_voltage@result                          cstackBANK0   0007C
modbus_analyse_and_answer@crc                   cstackCOMRAM  00015
modbus_analyse_and_answer@crcAtt                cstackCOMRAM  0000E
modbus_analyse_and_answer@functionCode          cstackCOMRAM  00010
modbus_analyse_and_answer@i                     cstackCOMRAM  00017
modbus_analyse_and_answer@i_1189                cstackCOMRAM  00013
modbus_analyse_and_answer@nbofRegister          cstackCOMRAM  0001B
modbus_analyse_and_answer@pwmValue              cstackCOMRAM  00011
modbus_analyse_and_answer@startingAddress       cstackCOMRAM  00019
modbus_char_recvd@c                             cstackCOMRAM  00001
modbus_send@i_1196                              cstackCOMRAM  00006
modbus_send@length                              cstackCOMRAM  00005
pad@buf                                         cstackBANK0   00072
pad@fp                                          cstackBANK0   00070
pad@i                                           cstackBANK0   00077
pad@p                                           cstackBANK0   00074
pad@w                                           cstackBANK0   00079
read_prec_or_width@ap                           cstackBANK0   00068
read_prec_or_width@c                            cstackBANK0   0006C
read_prec_or_width@fmt                          cstackBANK0   00066
read_prec_or_width@n                            cstackBANK0   0006D
sprintf@ap                                      cstackBANK0   000A6
sprintf@f                                       cstackBANK0   000A8
sprintf@fmt                                     cstackBANK0   000A2
sprintf@s                                       cstackBANK0   000A0
stackhi                                         (abs)         00000
stacklo                                         (abs)         00000
start                                           init          00126
start_initialization                            cinit         111E2
ttemp5                                          temp          00052
ttemp6                                          temp          00055
ttemp7                                          temp          00059
vfpfcnvrt@ap                                    cstackBANK0   0008C
vfpfcnvrt@convarg                               cstackBANK0   00090
vfpfcnvrt@cp                                    cstackBANK0   00096
vfpfcnvrt@done                                  cstackBANK0   00094
vfpfcnvrt@fmt                                   cstackBANK0   0008A
vfpfcnvrt@fp                                    cstackBANK0   00088
vfprintf@ap                                     cstackBANK0   0009C
vfprintf@cfmt                                   cstackBANK0   0009E
vfprintf@fmt                                    cstackBANK0   0009A
vfprintf@fp                                     cstackBANK0   00098
wtemp8                                          temp          00052


MODULE INFORMATION

Module		Function		Class		Link	Load	Size
C:\Program Files\Microchip\xc8\v2.41\pic\sources\c99\common\awmod.c
		___awmod       		CODE           	10CAC	0000	178

C:\Program Files\Microchip\xc8\v2.41\pic\sources\c99\common\awmod.c estimated size: 178

C:\Program Files\Microchip\xc8\v2.41\pic\sources\c99\common\Umul32.c
		___lmul        		CODE           	10FC4	0000	108

C:\Program Files\Microchip\xc8\v2.41\pic\sources\c99\common\Umul32.c estimated size: 108

C:\Program Files\Microchip\xc8\v2.41\pic\sources\c99\common\__lldiv.c
		___lldiv       		CODE           	10E0E	0000	166

C:\Program Files\Microchip\xc8\v2.41\pic\sources\c99\common\__lldiv.c estimated size: 166

mcc_generated_files/tmr2.c
		_TMR2_Initialize		CODE           	115A2	0000	14

mcc_generated_files/tmr2.c estimated size: 14

mcc_generated_files/interrupt_manager.c
		_INTERRUPT_Initialize		CODE           	11632	0000	4
		_INTERRUPT_InterruptManager		CODE           	0008	0000	286

mcc_generated_files/interrupt_manager.c estimated size: 290

C:\Program Files\Microchip\xc8\v2.41\pic\sources\c99\common\nf_fputc.c
		_fputc         		CODE           	109A0	0000	204

C:\Program Files\Microchip\xc8\v2.41\pic\sources\c99\common\nf_fputc.c estimated size: 204

mcc_generated_files/tmr0.c
		_TMR0_SetInterruptHandler		CODE           	115B0	0000	14
		_TMR0_Reload   		CODE           	1161C	0000	10
		_TMR0_DefaultInterruptHandler		CODE           	11638	0000	2
		_TMR0_ISR      		CODE           	1147E	0000	58
		_TMR0_Initialize		CODE           	11444	0000	58

mcc_generated_files/tmr0.c estimated size: 142

C:\Program Files\Microchip\xc8\v2.41\pic\sources\c99\common\nf_sprintf.c
		_sprintf       		CODE           	11192	0000	80

C:\Program Files\Microchip\xc8\v2.41\pic\sources\c99\common\nf_sprintf.c estimated size: 80

mcc_generated_files/pin_manager.c
		_PIN_MANAGER_Initialize		CODE           	11388	0000	64

mcc_generated_files/pin_manager.c estimated size: 64

lcd/lcd.c
		_Lcd_Init      		CODE           	112BE	0000	72
		_LCD_2x16_WriteCmd		CODE           	11030	0000	98
		_LCD_2x16_WriteMsg		CODE           	11408	0000	60
		_LCD_2x16_WriteData		CODE           	1113E	0000	84

lcd/lcd.c estimated size: 314

C:\Program Files\Microchip\xc8\v2.41\pic\sources\c99\common\awdiv.c
		___awdiv       		CODE           	10A6C	0000	198

C:\Program Files\Microchip\xc8\v2.41\pic\sources\c99\common\awdiv.c estimated size: 198

modbus.c
		_modbus_send   		CODE           	1122C	0000	74
		_modbus_timer  		CODE           	11604	0000	14
		_modbus_analyse_and_answer		CODE           	10000	0000	662
		_modbus_char_recvd		CODE           	1155E	0000	24

modbus.c estimated size: 774

mcc_generated_files/adc.c
		_ADC_Initialize		CODE           	1158C	0000	22
		_ADC_GetConversion		CODE           	11348	0000	64

mcc_generated_files/adc.c estimated size: 86

C:\Program Files\Microchip\xc8\v2.41\pic\sources\c99\common\abs.c
		_abs           		CODE           	11306	0000	66

C:\Program Files\Microchip\xc8\v2.41\pic\sources\c99\common\abs.c estimated size: 66

C:\Program Files\Microchip\xc8\v2.41\pic\sources\c99\common\doprnt.c
		_read_prec_or_width		CODE           	108CE	0000	210
		_vfpfcnvrt     		CODE           	10296	0000	482
		_pad           		CODE           	10D5E	0000	176
		_dtoa          		CODE           	10478	0000	464
		_vfprintf      		CODE           	11092	0000	86

C:\Program Files\Microchip\xc8\v2.41\pic\sources\c99\common\doprnt.c estimated size: 1418

crc.c
		_CRC16         		CODE           	10F46	0000	126

crc.c estimated size: 126

shared
		__initialization		CODE           	111E2	0000	64
		_auchCRCHi     		MEDIUMCONST    	FEE5	0000	256
		_auchCRCLo     		MEDIUMCONST    	FDE5	0000	256

shared estimated size: 576

mcc_generated_files/eusart1.c
		_EUSART1_SetRxInterruptHandler		CODE           	115CC	0000	14
		_EUSART1_SetTxInterruptHandler		CODE           	115BE	0000	14
		_EUSART1_Initialize		CODE           	10EB4	0000	146
		_EUSART1_DefaultErrorHandler		CODE           	1162C	0000	6
		_EUSART1_SetFramingErrorHandler		CODE           	115E8	0000	14
		_EUSART1_SetOverrunErrorHandler		CODE           	115DA	0000	14
		_EUSART1_SetErrorHandler		CODE           	115F6	0000	14
		_EUSART1_Write 		CODE           	110E8	0000	86
		_EUSART1_Receive_ISR		CODE           	10B32	0000	192
		_EUSART1_RxDataHandler		CODE           	114EA	0000	42
		_EUSART1_DefaultOverrunErrorHandler		CODE           	11626	0000	6
		_EUSART1_Transmit_ISR		CODE           	113C8	0000	64
		_EUSART1_DefaultFramingErrorHandler		CODE           	1163A	0000	2

mcc_generated_files/eusart1.c estimated size: 614

mcc_generated_files/mcc.c
		_OSCILLATOR_Initialize		CODE           	11612	0000	10
		_SYSTEM_Initialize		CODE           	1153C	0000	34

mcc_generated_files/mcc.c estimated size: 44

mcc_generated_files/epwm1.c
		_EPWM1_LoadDutyValue		CODE           	114B8	0000	50
		_EPWM1_Initialize		CODE           	11576	0000	22

mcc_generated_files/epwm1.c estimated size: 72

measure.c
		_measure_voltage		CODE           	10BF2	0000	186
		_measure_current		CODE           	10648	0000	424

measure.c estimated size: 610

C:\Program Files\Microchip\xc8\v2.41\pic\sources\c99\common\Umul16.c
		___wmul        		CODE           	11514	0000	40

C:\Program Files\Microchip\xc8\v2.41\pic\sources\c99\common\Umul16.c estimated size: 40

C:\Program Files\Microchip\xc8\v2.41\pic\sources\c99\common\putch.c
		_putch         		CODE           	11636	0000	2

C:\Program Files\Microchip\xc8\v2.41\pic\sources\c99\common\putch.c estimated size: 2

C:\Program Files\Microchip\xc8\v2.41\pic\sources\c99\common\nf_fputs.c
		_fputs         		CODE           	11276	0000	72

C:\Program Files\Microchip\xc8\v2.41\pic\sources\c99\common\nf_fputs.c estimated size: 72

main.c
		_main          		CODE           	107F0	0000	222

main.c estimated size: 222

