Microchip MPLAB XC8 Compiler V2.41

Linker command line:

-W3 \
  --edf=C:\Program Files\Microchip\xc8\v2.41\pic\dat\20230208172133_en.msgs \
  -cn -h+dist/default/production\modbus_proj.X.production.sym \
  --cmf=dist/default/production\modbus_proj.X.production.cmf -z -Q18F97J60 \
  -oC:\Users\sylva\AppData\Local\Temp\xcAs9gg.\driver_tmp_3.o \
  --defsym=__MPLAB_BUILD=1 --fixupoverflow=error \
  -Mdist/default/production/modbus_proj.X.production.map \
  --md=C:\Users\sylva\AppData\Local\Temp\xcAs9gg.\driver_tmp_0.dat -E1 \
  -ver=XC8 Compiler --acfsm=1493 -ACODE=00h-01FFF7h -ACONST=00h-01FFF7h \
  -ASMALLCONST=01000h-010FFhx495,01FF00h-01FFF7h \
  -AMEDIUMCONST=01000h-0FFFFh,011000h-01FFF7h -ACOMRAM=01h-05Fh \
  -AABS1=00h-0E7Fh,0F00h-0F5Fh -ABIGRAM=01h-0E7Fh,0F00h-0F5Fh \
  -ARAM=060h-0FFh,0100h-01FFhx13,0E00h-0E7Fh,0F00h-0F5Fh -ABANK0=060h-0FFh \
  -ABANK1=0100h-01FFh -ABANK2=0200h-02FFh -ABANK3=0300h-03FFh \
  -ABANK4=0400h-04FFh -ABANK5=0500h-05FFh -ABANK6=0600h-06FFh \
  -ABANK7=0700h-07FFh -ABANK8=0800h-08FFh -ABANK9=0900h-09FFh \
  -ABANK10=0A00h-0AFFh -ABANK11=0B00h-0BFFh -ABANK12=0C00h-0CFFh \
  -ABANK13=0D00h-0DFFh -ABANK14=0E00h-0E7Fh -ABANK15=0F00h-0F5Fh \
  -ASFR=0E80h-0EFFh,0F60h-0FFFh -ABIGSFR=0E80h-0EFFh,0F60h-0FFFh \
  -ACONFIG=01FFF8h-01FFFDh \
  -preset_vec=00h,intcode=08h,intcodelo,powerup,init -pramtop=01000h \
  -psmallconst=SMALLCONST -pmediumconst=MEDIUMCONST -pconst=CONST \
  -AFARRAM=00h-00h -pjflash_buffer=01F800h \
  -prdata=COMRAM,nvrram=COMRAM,nvbit=COMRAM,rbss=COMRAM,rbit=COMRAM \
  -pfarbss=FARRAM,fardata=FARRAM,nvFARRAM=FARRAM \
  -pintsave_regs=BIGRAM,bigbss=BIGRAM,bigdata=BIGRAM -pbss=RAM \
  -pidata=CODE,irdata=CODE,ibigdata=CODE,ifardata=CODE -prparam=COMRAM \
  C:\Users\sylva\AppData\Local\Temp\xcAs9gg.\driver_tmp_14.o \
  dist/default/production\modbus_proj.X.production.o 

Object code version is 3.11

Machine type is 18F97J60



                Name                               Link     Load   Length Selector   Space Scale
C:\Users\sylva\AppData\Local\Temp\xcAs9gg.\driver_tmp_14.o
                config                            1FFF8    1FFF8        6        0       4
                init                                108      108        4        4       0
                reset_vec                             0        0        4        0       0
dist/default/production\modbus_proj.X.production.o
                intcode                               8        8      100        4       0
                config                            1FFF8    1FFF8        6        0       4
                temp                                 4B       4B        1        1       1
                mediumconst                        FDE4     FDE4      21C     7EF2       0
                text53                            111A0    111A0       2A     8000       0
                text52                            1130C    1130C        6     8000       0
                text51                            1131A    1131A        2     8000       0
                text50                            11306    11306        6     8000       0
                text49                            1086E    1086E       C0     8000       0
                text48                            11088    11088       40     8000       0
                text47                            11318    11318        2     8000       0
                text46                            1113A    1113A       36     8000       0
                text45                            11238    11238       18     8000       0
                text44                            10C68    10C68       7E     8000       0
                text43                            10FC6    10FC6       42     8000       0
                text42                            10E00    10E00       56     8000       0
                text41                            1127C    1127C       10     8000       0
                text40                            112EE    112EE        E     8000       0
                text38                            11170    11170       30     8000       0
                text37                            10D50    10D50       5A     8000       0
                text36                            10EA6    10EA6       4E     8000       0
                text35                            11102    11102       38     8000       0
                text34                            10F82    10F82       44     8000       0
                text33                            11266    11266       16     8000       0
                text32                            11250    11250       16     8000       0
                text31                            112E0    112E0        E     8000       0
                text30                            112D2    112D2        E     8000       0
                text29                            112C4    112C4        E     8000       0
                text28                            112B6    112B6        E     8000       0
                text27                            112A8    112A8        E     8000       0
                text26                            10BE0    10BE0       88     8000       0
                text25                            11312    11312        4     8000       0
                text24                            112FC    112FC        A     8000       0
                text23                            11048    11048       40     8000       0
                text22                            1129A    1129A        E     8000       0
                text21                            111F0    111F0       26     8000       0
                text20                            1128C    1128C        E     8000       0
                text19                            11216    11216       22     8000       0
                text18                            110C8    110C8       3A     8000       0
                text17                            10B3C    10B3C       A4     8000       0
                text16                            10CE6    10CE6       6A     8000       0
                text15                            103B0    103B0      1A0     8000       0
                text14                            1092E    1092E       B4     8000       0
                text13                            106E8    106E8       C4     8000       0
                text12                            109E2    109E2       B0     8000       0
                text11                            11008    11008       40     8000       0
                text10                            11316    11316        2     8000       0
                text9                             1061E    1061E       CA     8000       0
                text8                             10F3E    10F3E       44     8000       0
                text7                             10A92    10A92       AA     8000       0
                text6                             101E0    101E0      1D0     8000       0
                text5                             111CA    111CA       26     8000       0
                text4                             10550    10550       CE     8000       0
                text3                             10000    10000      1E0     8000       0
                text2                             10DAA    10DAA       56     8000       0
                text1                             10E56    10E56       50     8000       0
                text0                             107AC    107AC       C2     8000       0
                cstackCOMRAM                          1        1       37        1       1
                cstackBANK0                          A5       A5       45       60       1
                bssBANK2                            200      200      100      200       1
                bssBANK1                            100      100      100      100       1
                bssBANK0                             60       60       45       60       1
                bssCOMRAM                            38       38       10        1       1
                cinit                             10EF4    10EF4       4A     8000       0
                nvBANK0                              EA       EA        F       60       1
                nvCOMRAM                             48       48        3        1       1

TOTAL           Name                               Link     Load   Length     Space
        CLASS   CODE           
                intcode                               8        8      100         0
                init                                108      108        4         0
                reset_vec                             0        0        4         0
                text53                            111A0    111A0       2A         0
                text52                            1130C    1130C        6         0
                text51                            1131A    1131A        2         0
                text50                            11306    11306        6         0
                text49                            1086E    1086E       C0         0
                text48                            11088    11088       40         0
                text47                            11318    11318        2         0
                text46                            1113A    1113A       36         0
                text45                            11238    11238       18         0
                text44                            10C68    10C68       7E         0
                text43                            10FC6    10FC6       42         0
                text42                            10E00    10E00       56         0
                text41                            1127C    1127C       10         0
                text40                            112EE    112EE        E         0
                text38                            11170    11170       30         0
                text37                            10D50    10D50       5A         0
                text36                            10EA6    10EA6       4E         0
                text35                            11102    11102       38         0
                text34                            10F82    10F82       44         0
                text33                            11266    11266       16         0
                text32                            11250    11250       16         0
                text31                            112E0    112E0        E         0
                text30                            112D2    112D2        E         0
                text29                            112C4    112C4        E         0
                text28                            112B6    112B6        E         0
                text27                            112A8    112A8        E         0
                text26                            10BE0    10BE0       88         0
                text25                            11312    11312        4         0
                text24                            112FC    112FC        A         0
                text23                            11048    11048       40         0
                text22                            1129A    1129A        E         0
                text21                            111F0    111F0       26         0
                text20                            1128C    1128C        E         0
                text19                            11216    11216       22         0
                text18                            110C8    110C8       3A         0
                text17                            10B3C    10B3C       A4         0
                text16                            10CE6    10CE6       6A         0
                text15                            103B0    103B0      1A0         0
                text14                            1092E    1092E       B4         0
                text13                            106E8    106E8       C4         0
                text12                            109E2    109E2       B0         0
                text11                            11008    11008       40         0
                text10                            11316    11316        2         0
                text9                             1061E    1061E       CA         0
                text8                             10F3E    10F3E       44         0
                text7                             10A92    10A92       AA         0
                text6                             101E0    101E0      1D0         0
                text5                             111CA    111CA       26         0
                text4                             10550    10550       CE         0
                text3                             10000    10000      1E0         0
                text2                             10DAA    10DAA       56         0
                text1                             10E56    10E56       50         0
                text0                             107AC    107AC       C2         0
                cinit                             10EF4    10EF4       4A         0

        CLASS   CONST          

        CLASS   SMALLCONST     

        CLASS   MEDIUMCONST    
                mediumconst                        FDE4     FDE4      21C         0

        CLASS   COMRAM         
                temp                                 4B       4B        1         1
                cstackCOMRAM                          1        1       37         1
                bssCOMRAM                            38       38       10         1
                nvCOMRAM                             48       48        3         1

        CLASS   ABS1           

        CLASS   BIGRAM         

        CLASS   RAM            

        CLASS   BANK0          
                cstackBANK0                          A5       A5       45         1
                bssBANK0                             60       60       45         1
                nvBANK0                              EA       EA        F         1

        CLASS   BANK1          
                bssBANK1                            100      100      100         1

        CLASS   BANK2          
                bssBANK2                            200      200      100         1

        CLASS   BANK3          

        CLASS   BANK4          

        CLASS   BANK5          

        CLASS   BANK6          

        CLASS   BANK7          

        CLASS   BANK8          

        CLASS   BANK9          

        CLASS   BANK10         

        CLASS   BANK11         

        CLASS   BANK12         

        CLASS   BANK13         

        CLASS   BANK14         

        CLASS   BANK15         

        CLASS   SFR            

        CLASS   BIGSFR         

        CLASS   CONFIG         
                config                            1FFF8    1FFF8        6         4

        CLASS   FARRAM         

        CLASS   HEAP           

        CLASS   STACK          

        CLASS   IDLOC          



SEGMENTS        Name                           Load    Length   Top    Selector   Space  Class

                reset_vec                      000000  000004  000004         0       0  CODE    
                cstackCOMRAM                   000001  00004B  00004C         1       1  COMRAM  
                intcode                        000008  000104  00010C         4       0  CODE    
                bssBANK0                       000060  000099  0000F9        60       1  BANK0   
                bssBANK1                       000100  000100  000200       100       1  BANK1   
                bssBANK2                       000200  000100  000300       200       1  BANK2   
                mediumconst                    00FDE4  00021C  010000      7EF2       0  MEDIUMCO
                text3                          010000  00131C  01131C      8000       0  CODE    


UNUSED ADDRESS RANGES

        Name                Unused          Largest block    Delta
        BANK0            000F9-000FF               7
        BANK10           00A00-00AFF             100
        BANK11           00B00-00BFF             100
        BANK12           00C00-00CFF             100
        BANK13           00D00-00DFF             100
        BANK14           00E00-00E7F              80
        BANK15           00F00-00F5F              60
        BANK3            00300-003FF             100
        BANK4            00400-004FF             100
        BANK5            00500-005FF             100
        BANK6            00600-006FF             100
        BANK7            00700-007FF             100
        BANK8            00800-008FF             100
        BANK9            00900-009FF             100
        BIGRAM           0004C-0005F              14
                         000F9-000FF               7
                         00300-00E7F             B80
                         00F00-00F5F              60
        BIGSFR           00E80-00EFF              80
                         00F60-00FFF              A0
        CODE             00004-00007               4
                         0010C-0FDE3            FCD8
                         1131C-1FFF7            ECDC
        COMRAM           0004C-0005F              14
        CONST            00004-00007               4
                         0010C-0FDE3            FCD8
                         1131C-1FFF7            ECDC
        MEDIUMCONST      01000-0FDE3            EDE4
                         1131C-1FFF7            ECDC
        RAM              000F9-000FF               7
                         00300-00E7F             100
                         00F00-00F5F              60
        SFR              00E80-00EFF              80
                         00F60-00FFF              A0
        SMALLCONST       01000-0FDE3             100
                         1131C-1FFF7             100

                                  Symbol Table

?_ADC_GetConversion                             cstackCOMRAM  00015
?_CRC16                                         cstackCOMRAM  00001
?___awdiv                                       cstackCOMRAM  00015
?___awmod                                       cstackCOMRAM  00015
?___lldiv                                       cstackCOMRAM  00021
?___lmul                                        cstackCOMRAM  00015
?___wmul                                        cstackCOMRAM  00015
?_abs                                           cstackCOMRAM  0001B
?_measure_current                               cstackCOMRAM  0002E
?_measure_voltage                               cstackCOMRAM  0002E
?_read_prec_or_width                            cstackCOMRAM  0001B
?_sprintf                                       cstackBANK0   000C2
?_vfprintf                                      cstackBANK0   000BC
ADC_GetConversion@channel                       cstackCOMRAM  00019
CRC16@length                                    cstackCOMRAM  00003
CRC16@msg                                       cstackCOMRAM  00001
CRC16@uIndex                                    cstackCOMRAM  00007
CRC16@uchCRCHi                                  cstackCOMRAM  00008
CRC16@uchCRCLo                                  cstackCOMRAM  00009
EPWM1_LoadDutyValue@dutyValue                   cstackCOMRAM  00015
EUSART1_SetErrorHandler@interruptHandler        cstackCOMRAM  00015
EUSART1_SetFramingErrorHandler@interruptHandler cstackCOMRAM  00015
EUSART1_SetOverrunErrorHandler@interruptHandler cstackCOMRAM  00015
EUSART1_SetRxInterruptHandler@interruptHandler  cstackCOMRAM  00015
EUSART1_SetTxInterruptHandler@interruptHandler  cstackCOMRAM  00015
EUSART1_Write@txData                            cstackCOMRAM  00001
LCD_2x16_WriteCmd@command                       cstackCOMRAM  00016
LCD_2x16_WriteData@command                      cstackCOMRAM  00016
LCD_2x16_WriteMsg@line                          cstackCOMRAM  00019
LCD_2x16_WriteMsg@msg                           cstackCOMRAM  00017
TMR0_SetInterruptHandler@InterruptHandler       cstackCOMRAM  00015
_ADCON0                                         (abs)         00FC2
_ADCON0bits                                     (abs)         00FC2
_ADCON1                                         (abs)         00FC1
_ADCON1bits                                     (abs)         00FC1
_ADCON2                                         (abs)         00FC0
_ADC_GetConversion                              text18        110C8
_ADC_Initialize                                 text33        11266
_ADC_InterruptHandler                           bssBANK0      00080
_ADRESH                                         (abs)         00FC4
_ADRESL                                         (abs)         00FC3
_BAUDCON1                                       (abs)         00F7E
_CCP1CON                                        (abs)         00FBD
_CCPR1H                                         (abs)         00FBF
_CCPR1L                                         (abs)         00FBE
_CRC16                                          text44        10C68
_ECCP1AS                                        (abs)         00FB6
_ECCP1DEL                                       (abs)         00F79
_EPWM1_Initialize                               text32        11250
_EPWM1_LoadDutyValue                            text38        11170
_EUSART1_DefaultErrorHandler                    text52        1130C
_EUSART1_DefaultFramingErrorHandler             text51        1131A
_EUSART1_DefaultOverrunErrorHandler             text50        11306
_EUSART1_ErrorHandler                           nvBANK0       000EA
_EUSART1_FramingErrorHandler                    nvBANK0       000F0
_EUSART1_Initialize                             text26        10BE0
_EUSART1_OverrunErrorHandler                    nvBANK0       000ED
_EUSART1_Receive_ISR                            text49        1086E
_EUSART1_RxDataHandler                          text53        111A0
_EUSART1_RxDefaultInterruptHandler              nvBANK0       000F3
_EUSART1_SetErrorHandler                        text31        112E0
_EUSART1_SetFramingErrorHandler                 text30        112D2
_EUSART1_SetOverrunErrorHandler                 text29        112C4
_EUSART1_SetRxInterruptHandler                  text28        112B6
_EUSART1_SetTxInterruptHandler                  text27        112A8
_EUSART1_Transmit_ISR                           text48        11088
_EUSART1_TxDefaultInterruptHandler              nvBANK0       000F6
_EUSART1_Write                                  text42        10E00
_INTCONbits                                     (abs)         00FF2
_INTERRUPT_Initialize                           text25        11312
_INTERRUPT_InterruptManager                     intcode       00008
_LATA                                           (abs)         00F89
_LATB                                           (abs)         00F8A
_LATC                                           (abs)         00F8B
_LATD                                           (abs)         00F8C
_LATDbits                                       (abs)         00F8C
_LATE                                           (abs)         00F8D
_LATF                                           (abs)         00F8E
_LATG                                           (abs)         00F8F
_LATH                                           (abs)         00F90
_LATJ                                           (abs)         00F91
_LCD_2x16_WriteCmd                              text37        10D50
_LCD_2x16_WriteData                             text36        10EA6
_LCD_2x16_WriteMsg                              text35        11102
_Lcd_Init                                       text34        10F82
_OSCCON                                         (abs)         00FD3
_OSCILLATOR_Initialize                          text24        112FC
_OSCTUNE                                        (abs)         00F9B
_PIE1bits                                       (abs)         00F9D
_PIN_MANAGER_Initialize                         text23        11048
_PIR1bits                                       (abs)         00F9E
_PR2                                            (abs)         00FCB
_RCONbits                                       (abs)         00FD0
_RCREG1                                         (abs)         00FAE
_RCSTA1                                         (abs)         00FAB
_RCSTA1bits                                     (abs)         00FAB
_SPBRG1                                         (abs)         00FAF
_SPBRGH1                                        (abs)         00F7F
_SYSTEM_Initialize                              text19        11216
_T0CON                                          (abs)         00FD5
_T0CONbits                                      (abs)         00FD5
_T2CON                                          (abs)         00FCA
_T2CONbits                                      (abs)         00FCA
_TMR0H                                          (abs)         00FD7
_TMR0L                                          (abs)         00FD6
_TMR0ON                                         (abs)         07EAF
_TMR0_DefaultInterruptHandler                   text47        11318
_TMR0_ISR                                       text46        1113A
_TMR0_Initialize                                text21        111F0
_TMR0_InterruptHandler                          nvCOMRAM      00048
_TMR0_SetInterruptHandler                       text22        1129A
_TMR2                                           (abs)         00FCC
_TMR2_Initialize                                text20        1128C
_TRISA                                          (abs)         00F92
_TRISB                                          (abs)         00F93
_TRISC                                          (abs)         00F94
_TRISD                                          (abs)         00F95
_TRISDbits                                      (abs)         00F95
_TRISE                                          (abs)         00F96
_TRISF                                          (abs)         00F97
_TRISG                                          (abs)         00F98
_TRISH                                          (abs)         00F99
_TRISJ                                          (abs)         00F9A
_TXREG1                                         (abs)         00FAD
_TXSTA1                                         (abs)         00FAC
_TXSTA1bits                                     (abs)         00FAC
__HRAM                                          (abs)         00000
__H__absolute__                                 __absolute__  00000
__Habs1                                         abs1          00000
__Hbank0                                        bank0         00000
__Hbank1                                        bank1         00000
__Hbank10                                       bank10        00000
__Hbank11                                       bank11        00000
__Hbank12                                       bank12        00000
__Hbank13                                       bank13        00000
__Hbank14                                       bank14        00000
__Hbank15                                       bank15        00000
__Hbank2                                        bank2         00000
__Hbank3                                        bank3         00000
__Hbank4                                        bank4         00000
__Hbank5                                        bank5         00000
__Hbank6                                        bank6         00000
__Hbank7                                        bank7         00000
__Hbank8                                        bank8         00000
__Hbank9                                        bank9         00000
__Hbigbss                                       bigbss        00000
__Hbigdata                                      bigdata       00000
__Hbigram                                       bigram        00000
__Hbigsfr                                       bigsfr        00000
__Hbss                                          bss           00000
__HbssBANK0                                     bssBANK0      00000
__HbssBANK1                                     bssBANK1      00000
__HbssBANK2                                     bssBANK2      00000
__HbssCOMRAM                                    bssCOMRAM     00000
__Hcinit                                        cinit         00000
__Hclrtext                                      clrtext       00000
__Hcomram                                       comram        00000
__Hconfig                                       config        1FFFE
__Hconst                                        const         00000
__HcstackBANK0                                  cstackBANK0   00000
__HcstackCOMRAM                                 cstackCOMRAM  00000
__Hdata                                         data          00000
__Hfarbss                                       farbss        00000
__Hfardata                                      fardata       00000
__Hheap                                         heap          00000
__Hibigdata                                     ibigdata      00000
__Hidata                                        idata         00000
__Hidloc                                        idloc         00000
__Hifardata                                     ifardata      00000
__Hinit                                         init          0010C
__Hintcode                                      intcode       00108
__Hintcode_body                                 intcode_body  00000
__Hintcodelo                                    intcodelo     00108
__Hintentry                                     intentry      00000
__Hintret                                       intret        00000
__Hintsave_regs                                 intsave_regs  00000
__Hirdata                                       irdata        00000
__Hjflash_buffer                                jflash_buffer 1F800
__Hmediumconst                                  mediumconst   10000
__HnvBANK0                                      nvBANK0       00000
__HnvCOMRAM                                     nvCOMRAM      00000
__HnvFARRAM                                     nvFARRAM      00000
__Hnvbit                                        nvbit         00000
__Hnvrram                                       nvrram        00000
__Hparam                                        rparam        00000
__Hpowerup                                      powerup       00108
__Hram                                          ram           00000
__Hramtop                                       ramtop        01000
__Hrbit                                         rbit          00000
__Hrbss                                         rbss          00000
__Hrdata                                        rdata         00000
__Hreset_vec                                    reset_vec     00004
__Hrparam                                       rparam        00000
__Hsfr                                          sfr           00000
__Hsmallconst                                   smallconst    00000
__Hspace_0                                      (abs)         1F800
__Hspace_1                                      (abs)         00300
__Hspace_2                                      (abs)         00000
__Hspace_4                                      (abs)         3FFF6
__Hstack                                        stack         00000
__Hstruct                                       struct        00000
__Htemp                                         temp          0004C
__Htext                                         text          00000
__Htext0                                        text0         00000
__Htext1                                        text1         00000
__Htext10                                       text10        00000
__Htext11                                       text11        00000
__Htext12                                       text12        00000
__Htext13                                       text13        00000
__Htext14                                       text14        00000
__Htext15                                       text15        00000
__Htext16                                       text16        00000
__Htext17                                       text17        00000
__Htext18                                       text18        00000
__Htext19                                       text19        00000
__Htext2                                        text2         00000
__Htext20                                       text20        00000
__Htext21                                       text21        00000
__Htext22                                       text22        00000
__Htext23                                       text23        00000
__Htext24                                       text24        00000
__Htext25                                       text25        00000
__Htext26                                       text26        00000
__Htext27                                       text27        00000
__Htext28                                       text28        00000
__Htext29                                       text29        00000
__Htext3                                        text3         00000
__Htext30                                       text30        00000
__Htext31                                       text31        00000
__Htext32                                       text32        00000
__Htext33                                       text33        00000
__Htext34                                       text34        00000
__Htext35                                       text35        00000
__Htext36                                       text36        00000
__Htext37                                       text37        00000
__Htext38                                       text38        00000
__Htext4                                        text4         00000
__Htext40                                       text40        00000
__Htext41                                       text41        00000
__Htext42                                       text42        00000
__Htext43                                       text43        00000
__Htext44                                       text44        00000
__Htext45                                       text45        00000
__Htext46                                       text46        00000
__Htext47                                       text47        00000
__Htext48                                       text48        00000
__Htext49                                       text49        00000
__Htext5                                        text5         00000
__Htext50                                       text50        00000
__Htext51                                       text51        00000
__Htext52                                       text52        00000
__Htext53                                       text53        00000
__Htext54                                       text54        00000
__Htext6                                        text6         00000
__Htext7                                        text7         00000
__Htext8                                        text8         00000
__Htext9                                        text9         00000
__LRAM                                          (abs)         00001
__L__absolute__                                 __absolute__  00000
__Labs1                                         abs1          00000
__Lbank0                                        bank0         00000
__Lbank1                                        bank1         00000
__Lbank10                                       bank10        00000
__Lbank11                                       bank11        00000
__Lbank12                                       bank12        00000
__Lbank13                                       bank13        00000
__Lbank14                                       bank14        00000
__Lbank15                                       bank15        00000
__Lbank2                                        bank2         00000
__Lbank3                                        bank3         00000
__Lbank4                                        bank4         00000
__Lbank5                                        bank5         00000
__Lbank6                                        bank6         00000
__Lbank7                                        bank7         00000
__Lbank8                                        bank8         00000
__Lbank9                                        bank9         00000
__Lbigbss                                       bigbss        00000
__Lbigdata                                      bigdata       00000
__Lbigram                                       bigram        00000
__Lbigsfr                                       bigsfr        00000
__Lbss                                          bss           00000
__LbssBANK0                                     bssBANK0      00000
__LbssBANK1                                     bssBANK1      00000
__LbssBANK2                                     bssBANK2      00000
__LbssCOMRAM                                    bssCOMRAM     00000
__Lcinit                                        cinit         00000
__Lclrtext                                      clrtext       00000
__Lcomram                                       comram        00000
__Lconfig                                       config        00000
__Lconst                                        const         00000
__LcstackBANK0                                  cstackBANK0   00000
__LcstackCOMRAM                                 cstackCOMRAM  00000
__Ldata                                         data          00000
__Lfarbss                                       farbss        00000
__Lfardata                                      fardata       00000
__Lheap                                         heap          00000
__Libigdata                                     ibigdata      00000
__Lidata                                        idata         00000
__Lidloc                                        idloc         00000
__Lifardata                                     ifardata      00000
__Linit                                         init          00108
__Lintcode                                      intcode       00008
__Lintcode_body                                 intcode_body  00000
__Lintcodelo                                    intcodelo     00108
__Lintentry                                     intentry      00000
__Lintret                                       intret        00000
__Lintsave_regs                                 intsave_regs  00000
__Lirdata                                       irdata        00000
__Ljflash_buffer                                jflash_buffer 1F800
__Lmediumconst                                  mediumconst   0FDE4
__LnvBANK0                                      nvBANK0       00000
__LnvCOMRAM                                     nvCOMRAM      00000
__LnvFARRAM                                     nvFARRAM      00000
__Lnvbit                                        nvbit         00000
__Lnvrram                                       nvrram        00000
__Lparam                                        rparam        00000
__Lpowerup                                      powerup       00108
__Lram                                          ram           00000
__Lramtop                                       ramtop        01000
__Lrbit                                         rbit          00000
__Lrbss                                         rbss          00000
__Lrdata                                        rdata         00000
__Lreset_vec                                    reset_vec     00000
__Lrparam                                       rparam        00000
__Lsfr                                          sfr           00000
__Lsmallconst                                   smallconst    00000
__Lspace_0                                      (abs)         00000
__Lspace_1                                      (abs)         00000
__Lspace_2                                      (abs)         00000
__Lspace_4                                      (abs)         00000
__Lstack                                        stack         00000
__Lstruct                                       struct        00000
__Ltemp                                         temp          0004B
__Ltext                                         text          00000
__Ltext0                                        text0         00000
__Ltext1                                        text1         00000
__Ltext10                                       text10        00000
__Ltext11                                       text11        00000
__Ltext12                                       text12        00000
__Ltext13                                       text13        00000
__Ltext14                                       text14        00000
__Ltext15                                       text15        00000
__Ltext16                                       text16        00000
__Ltext17                                       text17        00000
__Ltext18                                       text18        00000
__Ltext19                                       text19        00000
__Ltext2                                        text2         00000
__Ltext20                                       text20        00000
__Ltext21                                       text21        00000
__Ltext22                                       text22        00000
__Ltext23                                       text23        00000
__Ltext24                                       text24        00000
__Ltext25                                       text25        00000
__Ltext26                                       text26        00000
__Ltext27                                       text27        00000
__Ltext28                                       text28        00000
__Ltext29                                       text29        00000
__Ltext3                                        text3         00000
__Ltext30                                       text30        00000
__Ltext31                                       text31        00000
__Ltext32                                       text32        00000
__Ltext33                                       text33        00000
__Ltext34                                       text34        00000
__Ltext35                                       text35        00000
__Ltext36                                       text36        00000
__Ltext37                                       text37        00000
__Ltext38                                       text38        00000
__Ltext4                                        text4         00000
__Ltext40                                       text40        00000
__Ltext41                                       text41        00000
__Ltext42                                       text42        00000
__Ltext43                                       text43        00000
__Ltext44                                       text44        00000
__Ltext45                                       text45        00000
__Ltext46                                       text46        00000
__Ltext47                                       text47        00000
__Ltext48                                       text48        00000
__Ltext49                                       text49        00000
__Ltext5                                        text5         00000
__Ltext50                                       text50        00000
__Ltext51                                       text51        00000
__Ltext52                                       text52        00000
__Ltext53                                       text53        00000
__Ltext54                                       text54        00000
__Ltext6                                        text6         00000
__Ltext7                                        text7         00000
__Ltext8                                        text8         00000
__Ltext9                                        text9         00000
__S0                                            (abs)         1131C
__S1                                            (abs)         00300
__S4                                            (abs)         00000
___awdiv                                        text13        106E8
___awdiv@counter                                cstackCOMRAM  00019
___awdiv@dividend                               cstackCOMRAM  00015
___awdiv@divisor                                cstackCOMRAM  00017
___awdiv@quotient                               cstackCOMRAM  0001B
___awdiv@sign                                   cstackCOMRAM  0001A
___awmod                                        text12        109E2
___awmod@counter                                cstackCOMRAM  00019
___awmod@dividend                               cstackCOMRAM  00015
___awmod@divisor                                cstackCOMRAM  00017
___awmod@sign                                   cstackCOMRAM  0001A
___extmem_base                                  (abs)         20000
___heap_hi                                      (abs)         00000
___heap_lo                                      (abs)         00000
___inthi_sp                                     stack         00000
___intlo_sp                                     stack         00000
___lldiv                                        text17        10B3C
___lldiv@counter                                cstackCOMRAM  0002D
___lldiv@dividend                               cstackCOMRAM  00021
___lldiv@divisor                                cstackCOMRAM  00025
___lldiv@quotient                               cstackCOMRAM  00029
___lmul                                         text16        10CE6
___lmul@multiplicand                            cstackCOMRAM  00019
___lmul@multiplier                              cstackCOMRAM  00015
___lmul@product                                 cstackCOMRAM  0001D
___param_bank                                   (abs)         00000
___rparam_used                                  (abs)         00001
___sp                                           stack         00000
___wmul                                         text5         111CA
___wmul@multiplicand                            cstackCOMRAM  00017
___wmul@multiplier                              cstackCOMRAM  00015
___wmul@product                                 cstackCOMRAM  00019
__accesstop                                     (abs)         00060
__activetblptr                                  (abs)         00003
__end_of_ADC_GetConversion                      text18        11102
__end_of_ADC_Initialize                         text33        1127C
__end_of_CRC16                                  text44        10CE6
__end_of_EPWM1_Initialize                       text32        11266
__end_of_EPWM1_LoadDutyValue                    text38        111A0
__end_of_EUSART1_DefaultErrorHandler            text52        11312
__end_of_EUSART1_DefaultFramingErrorHandler     text51        1131C
__end_of_EUSART1_DefaultOverrunErrorHandler     text50        1130C
__end_of_EUSART1_Initialize                     text26        10C68
__end_of_EUSART1_Receive_ISR                    text49        1092E
__end_of_EUSART1_RxDataHandler                  text53        111CA
__end_of_EUSART1_SetErrorHandler                text31        112EE
__end_of_EUSART1_SetFramingErrorHandler         text30        112E0
__end_of_EUSART1_SetOverrunErrorHandler         text29        112D2
__end_of_EUSART1_SetRxInterruptHandler          text28        112C4
__end_of_EUSART1_SetTxInterruptHandler          text27        112B6
__end_of_EUSART1_Transmit_ISR                   text48        110C8
__end_of_EUSART1_Write                          text42        10E56
__end_of_INTERRUPT_Initialize                   text25        11316
__end_of_INTERRUPT_InterruptManager             intcode       00108
__end_of_LCD_2x16_WriteCmd                      text37        10DAA
__end_of_LCD_2x16_WriteData                     text36        10EF4
__end_of_LCD_2x16_WriteMsg                      text35        1113A
__end_of_Lcd_Init                               text34        10FC6
__end_of_OSCILLATOR_Initialize                  text24        11306
__end_of_PIN_MANAGER_Initialize                 text23        11088
__end_of_SYSTEM_Initialize                      text19        11238
__end_of_TMR0_DefaultInterruptHandler           text47        1131A
__end_of_TMR0_ISR                               text46        11170
__end_of_TMR0_Initialize                        text21        11216
__end_of_TMR0_SetInterruptHandler               text22        112A8
__end_of_TMR2_Initialize                        text20        1129A
__end_of___awdiv                                text13        107AC
__end_of___awmod                                text12        10A92
__end_of___lldiv                                text17        10BE0
__end_of___lmul                                 text16        10D50
__end_of___wmul                                 text5         111F0
__end_of__initialization                        cinit         10F34
__end_of_abs                                    text11        11048
__end_of_auchCRCHi                              mediumconst   0FFE5
__end_of_auchCRCLo                              mediumconst   0FEE5
__end_of_dtoa                                   text6         103B0
__end_of_fputc                                  text9         106E8
__end_of_fputs                                  text8         10F82
__end_of_main                                   text0         1086E
__end_of_measure_current                        text15        10550
__end_of_measure_voltage                        text14        109E2
__end_of_modbus_analyse_and_answer              text43        11008
__end_of_modbus_char_recvd                      text45        11250
__end_of_modbus_send                            text41        1128C
__end_of_modbus_timer                           text40        112FC
__end_of_pad                                    text7         10B3C
__end_of_putch                                  text10        11318
__end_of_read_prec_or_width                     text4         1061E
__end_of_sprintf                                text1         10EA6
__end_of_vfpfcnvrt                              text3         101E0
__end_of_vfprintf                               text2         10E00
__initialization                                cinit         10EF4
__mediumconst                                   mediumconst   0FDE4
__pbssBANK0                                     bssBANK0      00060
__pbssBANK1                                     bssBANK1      00100
__pbssBANK2                                     bssBANK2      00200
__pbssCOMRAM                                    bssCOMRAM     00038
__pcinit                                        cinit         10EF4
__pcstackBANK0                                  cstackBANK0   000A5
__pcstackCOMRAM                                 cstackCOMRAM  00001
__pintcode                                      intcode       00008
__pmediumconst                                  mediumconst   0FDE4
__pnvBANK0                                      nvBANK0       000EA
__pnvCOMRAM                                     nvCOMRAM      00048
__ptext0                                        text0         107AC
__ptext1                                        text1         10E56
__ptext10                                       text10        11316
__ptext11                                       text11        11008
__ptext12                                       text12        109E2
__ptext13                                       text13        106E8
__ptext14                                       text14        1092E
__ptext15                                       text15        103B0
__ptext16                                       text16        10CE6
__ptext17                                       text17        10B3C
__ptext18                                       text18        110C8
__ptext19                                       text19        11216
__ptext2                                        text2         10DAA
__ptext20                                       text20        1128C
__ptext21                                       text21        111F0
__ptext22                                       text22        1129A
__ptext23                                       text23        11048
__ptext24                                       text24        112FC
__ptext25                                       text25        11312
__ptext26                                       text26        10BE0
__ptext27                                       text27        112A8
__ptext28                                       text28        112B6
__ptext29                                       text29        112C4
__ptext3                                        text3         10000
__ptext30                                       text30        112D2
__ptext31                                       text31        112E0
__ptext32                                       text32        11250
__ptext33                                       text33        11266
__ptext34                                       text34        10F82
__ptext35                                       text35        11102
__ptext36                                       text36        10EA6
__ptext37                                       text37        10D50
__ptext38                                       text38        11170
__ptext4                                        text4         10550
__ptext40                                       text40        112EE
__ptext41                                       text41        1127C
__ptext42                                       text42        10E00
__ptext43                                       text43        10FC6
__ptext44                                       text44        10C68
__ptext45                                       text45        11238
__ptext46                                       text46        1113A
__ptext47                                       text47        11318
__ptext48                                       text48        11088
__ptext49                                       text49        1086E
__ptext5                                        text5         111CA
__ptext50                                       text50        11306
__ptext51                                       text51        1131A
__ptext52                                       text52        1130C
__ptext53                                       text53        111A0
__ptext54                                       text54        00000
__ptext6                                        text6         101E0
__ptext7                                        text7         10A92
__ptext8                                        text8         10F3E
__ptext9                                        text9         1061E
__ramtop                                        ramtop        01000
__smallconst                                    smallconst    00000
_abs                                            text11        11008
_auchCRCHi                                      mediumconst   0FEE5
_auchCRCLo                                      mediumconst   0FDE5
_dbuf                                           bssBANK0      00085
_dtoa                                           text6         101E0
_dtoa$1684                                      cstackBANK0   000A5
_eusart1RxBuffer                                bssBANK0      00068
_eusart1RxCount                                 bssCOMRAM     00042
_eusart1RxHead                                  bssCOMRAM     00044
_eusart1RxLastError                             bssCOMRAM     00041
_eusart1RxStatusBuffer                          bssBANK0      00060
_eusart1RxTail                                  bssCOMRAM     00043
_eusart1TxBuffer                                bssBANK0      00070
_eusart1TxBufferRemaining                       bssCOMRAM     00045
_eusart1TxHead                                  bssCOMRAM     00047
_eusart1TxTail                                  bssCOMRAM     00046
_flags                                          bssCOMRAM     0003C
_fputc                                          text9         1061E
_fputs                                          text8         10F3E
_holding_registers                              bssBANK0      0007C
_index                                          bssCOMRAM     0003E
_input_registers                                bssBANK0      00078
_main                                           text0         107AC
_measure_current                                text15        103B0
_measure_voltage                                text14        1092E
_modbusAddress                                  bssCOMRAM     0003F
_modbus_analyse_and_answer                      text43        10FC6
_modbus_char_recvd                              text45        11238
_modbus_send                                    text41        1127C
_modbus_timer                                   text40        112EE
_offset                                         bssBANK0      00083
_pad                                            text7         10A92
_prec                                           bssCOMRAM     0003A
_putch                                          text10        11316
_read_prec_or_width                             text4         10550
_recPtr                                         bssCOMRAM     0003D
_rx_buf                                         bssBANK1      00100
_sprintf                                        text1         10E56
_timer0ReloadVal                                bssCOMRAM     00040
_tx_buf                                         bssBANK2      00200
_vfpfcnvrt                                      text3         10000
_vfprintf                                       text2         10DAA
_width                                          bssCOMRAM     00038
abs@a                                           cstackCOMRAM  0001B
btemp                                           temp          0004B
dtoa@d                                          cstackCOMRAM  00032
dtoa@fp                                         cstackCOMRAM  00030
dtoa@i                                          cstackBANK0   000AC
dtoa@p                                          cstackBANK0   000A7
dtoa@s                                          cstackBANK0   000AB
dtoa@w                                          cstackBANK0   000A9
end_of_initialization                           cinit         10F34
fputc@c                                         cstackCOMRAM  00015
fputc@fp                                        cstackCOMRAM  00017
fputs@c                                         cstackCOMRAM  00022
fputs@fp                                        cstackCOMRAM  00020
fputs@i                                         cstackCOMRAM  00023
fputs@s                                         cstackCOMRAM  0001E
int$flags                                       temp          0004B
intlevel0                                       text          00000
intlevel1                                       text          00000
intlevel2                                       text          00000
intlevel3                                       text          00000
isa$std                                         (abs)         00001
isa$xinst                                       (abs)         00000
main@tempString                                 cstackBANK0   000D6
measure_current@i                               cstackBANK0   000A5
measure_current@offset                          cstackCOMRAM  0002E
measure_current@result                          cstackBANK0   000A7
measure_voltage@i                               cstackCOMRAM  00035
measure_voltage@result                          cstackCOMRAM  00031
modbus_analyse_and_answer@crc                   cstackCOMRAM  0000B
modbus_char_recvd@c                             cstackCOMRAM  00001
modbus_send@length                              cstackCOMRAM  00002
pad@buf                                         cstackCOMRAM  00027
pad@fp                                          cstackCOMRAM  00025
pad@i                                           cstackCOMRAM  0002C
pad@p                                           cstackCOMRAM  00029
pad@w                                           cstackCOMRAM  0002E
read_prec_or_width@ap                           cstackCOMRAM  0001D
read_prec_or_width@c                            cstackCOMRAM  00021
read_prec_or_width@fmt                          cstackCOMRAM  0001B
read_prec_or_width@n                            cstackCOMRAM  00022
sprintf@ap                                      cstackBANK0   000C8
sprintf@f                                       cstackBANK0   000CA
sprintf@fmt                                     cstackBANK0   000C4
sprintf@s                                       cstackBANK0   000C2
stackhi                                         (abs)         00000
stacklo                                         (abs)         00000
start                                           init          00108
start_initialization                            cinit         10EF4
ttemp5                                          temp          0004C
ttemp6                                          temp          0004F
ttemp7                                          temp          00053
vfpfcnvrt@ap                                    cstackBANK0   000B2
vfpfcnvrt@convarg                               cstackBANK0   000B4
vfpfcnvrt@cp                                    cstackBANK0   000BA
vfpfcnvrt@done                                  cstackBANK0   000B8
vfpfcnvrt@fmt                                   cstackBANK0   000B0
vfpfcnvrt@fp                                    cstackBANK0   000AE
vfprintf@ap                                     cstackBANK0   000C0
vfprintf@cfmt                                   cstackCOMRAM  00036
vfprintf@fmt                                    cstackBANK0   000BE
vfprintf@fp                                     cstackBANK0   000BC
wtemp8                                          temp          0004C


MODULE INFORMATION

Module		Function		Class		Link	Load	Size
C:\Program Files\Microchip\xc8\v2.41\pic\sources\c99\common\awmod.c
		___awmod       		CODE           	109E2	0000	176

C:\Program Files\Microchip\xc8\v2.41\pic\sources\c99\common\awmod.c estimated size: 176

C:\Program Files\Microchip\xc8\v2.41\pic\sources\c99\common\Umul32.c
		___lmul        		CODE           	10CE6	0000	106

C:\Program Files\Microchip\xc8\v2.41\pic\sources\c99\common\Umul32.c estimated size: 106

C:\Program Files\Microchip\xc8\v2.41\pic\sources\c99\common\__lldiv.c
		___lldiv       		CODE           	10B3C	0000	164

C:\Program Files\Microchip\xc8\v2.41\pic\sources\c99\common\__lldiv.c estimated size: 164

mcc_generated_files/tmr2.c
		_TMR2_Initialize		CODE           	1128C	0000	14

mcc_generated_files/tmr2.c estimated size: 14

mcc_generated_files/interrupt_manager.c
		_INTERRUPT_Initialize		CODE           	11312	0000	4
		_INTERRUPT_InterruptManager		CODE           	0008	0000	256

mcc_generated_files/interrupt_manager.c estimated size: 260

C:\Program Files\Microchip\xc8\v2.41\pic\sources\c99\common\nf_fputc.c
		_fputc         		CODE           	1061E	0000	202

C:\Program Files\Microchip\xc8\v2.41\pic\sources\c99\common\nf_fputc.c estimated size: 202

mcc_generated_files/tmr0.c
		_TMR0_SetInterruptHandler		CODE           	1129A	0000	14
		_TMR0_DefaultInterruptHandler		CODE           	11318	0000	2
		_TMR0_ISR      		CODE           	1113A	0000	54
		_TMR0_Initialize		CODE           	111F0	0000	38

mcc_generated_files/tmr0.c estimated size: 108

C:\Program Files\Microchip\xc8\v2.41\pic\sources\c99\common\nf_sprintf.c
		_sprintf       		CODE           	10E56	0000	80

C:\Program Files\Microchip\xc8\v2.41\pic\sources\c99\common\nf_sprintf.c estimated size: 80

mcc_generated_files/pin_manager.c
		_PIN_MANAGER_Initialize		CODE           	11048	0000	64

mcc_generated_files/pin_manager.c estimated size: 64

lcd/lcd.c
		_Lcd_Init      		CODE           	10F82	0000	68
		_LCD_2x16_WriteCmd		CODE           	10D50	0000	90
		_LCD_2x16_WriteMsg		CODE           	11102	0000	56
		_LCD_2x16_WriteData		CODE           	10EA6	0000	78

lcd/lcd.c estimated size: 292

C:\Program Files\Microchip\xc8\v2.41\pic\sources\c99\common\awdiv.c
		___awdiv       		CODE           	106E8	0000	196

C:\Program Files\Microchip\xc8\v2.41\pic\sources\c99\common\awdiv.c estimated size: 196

modbus.c
		_modbus_send   		CODE           	1127C	0000	16
		_modbus_timer  		CODE           	112EE	0000	14
		_modbus_analyse_and_answer		CODE           	10FC6	0000	66
		_modbus_char_recvd		CODE           	11238	0000	24

modbus.c estimated size: 120

mcc_generated_files/adc.c
		_ADC_Initialize		CODE           	11266	0000	22
		_ADC_GetConversion		CODE           	110C8	0000	58

mcc_generated_files/adc.c estimated size: 80

C:\Program Files\Microchip\xc8\v2.41\pic\sources\c99\common\abs.c
		_abs           		CODE           	11008	0000	64

C:\Program Files\Microchip\xc8\v2.41\pic\sources\c99\common\abs.c estimated size: 64

C:\Program Files\Microchip\xc8\v2.41\pic\sources\c99\common\doprnt.c
		_read_prec_or_width		CODE           	10550	0000	206
		_vfpfcnvrt     		CODE           	10000	0000	480
		_pad           		CODE           	10A92	0000	170
		_dtoa          		CODE           	101E0	0000	464
		_vfprintf      		CODE           	10DAA	0000	86

C:\Program Files\Microchip\xc8\v2.41\pic\sources\c99\common\doprnt.c estimated size: 1406

crc.c
		_CRC16         		CODE           	10C68	0000	126

crc.c estimated size: 126

shared
		__initialization		CODE           	10EF4	0000	64
		_auchCRCHi     		MEDIUMCONST    	FEE5	0000	256
		_auchCRCLo     		MEDIUMCONST    	FDE5	0000	256

shared estimated size: 576

mcc_generated_files/eusart1.c
		_EUSART1_SetRxInterruptHandler		CODE           	112B6	0000	14
		_EUSART1_SetTxInterruptHandler		CODE           	112A8	0000	14
		_EUSART1_Initialize		CODE           	10BE0	0000	136
		_EUSART1_DefaultErrorHandler		CODE           	1130C	0000	6
		_EUSART1_SetFramingErrorHandler		CODE           	112D2	0000	14
		_EUSART1_SetOverrunErrorHandler		CODE           	112C4	0000	14
		_EUSART1_SetErrorHandler		CODE           	112E0	0000	14
		_EUSART1_Write 		CODE           	10E00	0000	86
		_EUSART1_Receive_ISR		CODE           	1086E	0000	192
		_EUSART1_RxDataHandler		CODE           	111A0	0000	42
		_EUSART1_DefaultOverrunErrorHandler		CODE           	11306	0000	6
		_EUSART1_Transmit_ISR		CODE           	11088	0000	64
		_EUSART1_DefaultFramingErrorHandler		CODE           	1131A	0000	2

mcc_generated_files/eusart1.c estimated size: 604

mcc_generated_files/mcc.c
		_OSCILLATOR_Initialize		CODE           	112FC	0000	10
		_SYSTEM_Initialize		CODE           	11216	0000	34

mcc_generated_files/mcc.c estimated size: 44

mcc_generated_files/epwm1.c
		_EPWM1_LoadDutyValue		CODE           	11170	0000	48
		_EPWM1_Initialize		CODE           	11250	0000	22

mcc_generated_files/epwm1.c estimated size: 70

measure.c
		_measure_voltage		CODE           	1092E	0000	180
		_measure_current		CODE           	103B0	0000	416

measure.c estimated size: 596

C:\Program Files\Microchip\xc8\v2.41\pic\sources\c99\common\Umul16.c
		___wmul        		CODE           	111CA	0000	38

C:\Program Files\Microchip\xc8\v2.41\pic\sources\c99\common\Umul16.c estimated size: 38

C:\Program Files\Microchip\xc8\v2.41\pic\sources\c99\common\putch.c
		_putch         		CODE           	11316	0000	2

C:\Program Files\Microchip\xc8\v2.41\pic\sources\c99\common\putch.c estimated size: 2

C:\Program Files\Microchip\xc8\v2.41\pic\sources\c99\common\nf_fputs.c
		_fputs         		CODE           	10F3E	0000	68

C:\Program Files\Microchip\xc8\v2.41\pic\sources\c99\common\nf_fputs.c estimated size: 68

main.c
		_main          		CODE           	107AC	0000	194

main.c estimated size: 194

